ARM GAS  C:\Users\DMA\AppData\Local\Temp\ccTB38fz.s 			page 1


   1              		.syntax unified
   2              		.cpu cortex-m0
   3              		.fpu softvfp
   4              		.eabi_attribute 20, 1
   5              		.eabi_attribute 21, 1
   6              		.eabi_attribute 23, 3
   7              		.eabi_attribute 24, 1
   8              		.eabi_attribute 25, 1
   9              		.eabi_attribute 26, 1
  10              		.eabi_attribute 30, 2
  11              		.eabi_attribute 34, 0
  12              		.eabi_attribute 18, 4
  13              		.thumb
  14              		.syntax unified
  15              		.file	"BLE_dis.c"
  16              		.section	.text.CyBle_DisInit,"ax",%progbits
  17              		.align	2
  18              		.global	CyBle_DisInit
  19              		.code	16
  20              		.thumb_func
  21              		.type	CyBle_DisInit, %function
  22              	CyBle_DisInit:
  23              		@ args = 0, pretend = 0, frame = 0
  24              		@ frame_needed = 0, uses_anonymous_args = 0
  25              		@ link register save eliminated.
  26              		@ sp needed
  27 0000 7047     		bx	lr
  28              		.size	CyBle_DisInit, .-CyBle_DisInit
  29 0002 C046     		.section	.text.CyBle_DisRegisterAttrCallback,"ax",%progbits
  30              		.align	2
  31              		.global	CyBle_DisRegisterAttrCallback
  32              		.code	16
  33              		.thumb_func
  34              		.type	CyBle_DisRegisterAttrCallback, %function
  35              	CyBle_DisRegisterAttrCallback:
  36              		@ args = 0, pretend = 0, frame = 0
  37              		@ frame_needed = 0, uses_anonymous_args = 0
  38              		@ link register save eliminated.
  39              		@ sp needed
  40 0000 7047     		bx	lr
  41              		.size	CyBle_DisRegisterAttrCallback, .-CyBle_DisRegisterAttrCallback
  42 0002 C046     		.section	.text.CyBle_DissSetCharacteristicValue,"ax",%progbits
  43              		.align	2
  44              		.global	CyBle_DissSetCharacteristicValue
  45              		.code	16
  46              		.thumb_func
  47              		.type	CyBle_DissSetCharacteristicValue, %function
  48              	CyBle_DissSetCharacteristicValue:
  49              		@ args = 0, pretend = 0, frame = 16
  50              		@ frame_needed = 0, uses_anonymous_args = 0
  51 0000 10B5     		push	{r4, lr}
  52 0002 0300     		movs	r3, r0
  53 0004 84B0     		sub	sp, sp, #16
  54 0006 0120     		movs	r0, #1
  55 0008 082B     		cmp	r3, #8
  56 000a 0FD8     		bhi	.L4
  57 000c 084C     		ldr	r4, .L7
ARM GAS  C:\Users\DMA\AppData\Local\Temp\ccTB38fz.s 			page 2


  58 000e 5B00     		lsls	r3, r3, #1
  59 0010 E318     		adds	r3, r4, r3
  60 0012 5B88     		ldrh	r3, [r3, #2]
  61 0014 01A8     		add	r0, sp, #4
  62 0016 0381     		strh	r3, [r0, #8]
  63 0018 8180     		strh	r1, [r0, #4]
  64 001a 0192     		str	r2, [sp, #4]
  65 001c 0023     		movs	r3, #0
  66 001e 0022     		movs	r2, #0
  67 0020 0021     		movs	r1, #0
  68 0022 FFF7FEFF 		bl	CyBle_GattsWriteAttributeValue
  69 0026 431E     		subs	r3, r0, #1
  70 0028 9841     		sbcs	r0, r0, r3
  71 002a 80B2     		uxth	r0, r0
  72              	.L4:
  73 002c 04B0     		add	sp, sp, #16
  74              		@ sp needed
  75 002e 10BD     		pop	{r4, pc}
  76              	.L8:
  77              		.align	2
  78              	.L7:
  79 0030 00000000 		.word	.LANCHOR0
  80              		.size	CyBle_DissSetCharacteristicValue, .-CyBle_DissSetCharacteristicValue
  81              		.section	.text.CyBle_DissGetCharacteristicValue,"ax",%progbits
  82              		.align	2
  83              		.global	CyBle_DissGetCharacteristicValue
  84              		.code	16
  85              		.thumb_func
  86              		.type	CyBle_DissGetCharacteristicValue, %function
  87              	CyBle_DissGetCharacteristicValue:
  88              		@ args = 0, pretend = 0, frame = 16
  89              		@ frame_needed = 0, uses_anonymous_args = 0
  90 0000 10B5     		push	{r4, lr}
  91 0002 0300     		movs	r3, r0
  92 0004 84B0     		sub	sp, sp, #16
  93 0006 0120     		movs	r0, #1
  94 0008 082B     		cmp	r3, #8
  95 000a 0ED8     		bhi	.L10
  96 000c 084C     		ldr	r4, .L12
  97 000e 5B00     		lsls	r3, r3, #1
  98 0010 E318     		adds	r3, r4, r3
  99 0012 01A8     		add	r0, sp, #4
 100 0014 5B88     		ldrh	r3, [r3, #2]
 101 0016 8180     		strh	r1, [r0, #4]
 102 0018 0192     		str	r2, [sp, #4]
 103 001a 0021     		movs	r1, #0
 104 001c 0022     		movs	r2, #0
 105 001e 0381     		strh	r3, [r0, #8]
 106 0020 FFF7FEFF 		bl	CyBle_GattsReadAttributeValue
 107 0024 431E     		subs	r3, r0, #1
 108 0026 9841     		sbcs	r0, r0, r3
 109 0028 80B2     		uxth	r0, r0
 110              	.L10:
 111 002a 04B0     		add	sp, sp, #16
 112              		@ sp needed
 113 002c 10BD     		pop	{r4, pc}
 114              	.L13:
ARM GAS  C:\Users\DMA\AppData\Local\Temp\ccTB38fz.s 			page 3


 115 002e C046     		.align	2
 116              	.L12:
 117 0030 00000000 		.word	.LANCHOR0
 118              		.size	CyBle_DissGetCharacteristicValue, .-CyBle_DissGetCharacteristicValue
 119              		.global	cyBle_diss
 120              		.section	.rodata
 121              		.align	2
 122              		.set	.LANCHOR0,. + 0
 123              		.type	cyBle_diss, %object
 124              		.size	cyBle_diss, 20
 125              	cyBle_diss:
 126 0000 2200     		.short	34
 127 0002 2400     		.short	36
 128 0004 0000     		.short	0
 129 0006 0000     		.short	0
 130 0008 0000     		.short	0
 131 000a 2600     		.short	38
 132 000c 0000     		.short	0
 133 000e 0000     		.short	0
 134 0010 0000     		.short	0
 135 0012 2800     		.short	40
 136              		.ident	"GCC: (GNU Tools for ARM Embedded Processors) 5.4.1 20160609 (release) [ARM/embedded-5-bran
