ARM GAS  C:\Users\DMA\AppData\Local\Temp\cccMCLUj.s 			page 1


   1              		.syntax unified
   2              		.cpu cortex-m0
   3              		.fpu softvfp
   4              		.eabi_attribute 20, 1
   5              		.eabi_attribute 21, 1
   6              		.eabi_attribute 23, 3
   7              		.eabi_attribute 24, 1
   8              		.eabi_attribute 25, 1
   9              		.eabi_attribute 26, 1
  10              		.eabi_attribute 30, 2
  11              		.eabi_attribute 34, 0
  12              		.eabi_attribute 18, 4
  13              		.thumb
  14              		.syntax unified
  15              		.file	"BLE_bas.c"
  16              		.section	.text.CyBle_BasInit,"ax",%progbits
  17              		.align	2
  18              		.global	CyBle_BasInit
  19              		.code	16
  20              		.thumb_func
  21              		.type	CyBle_BasInit, %function
  22              	CyBle_BasInit:
  23              		@ args = 0, pretend = 0, frame = 0
  24              		@ frame_needed = 0, uses_anonymous_args = 0
  25              		@ link register save eliminated.
  26              		@ sp needed
  27 0000 7047     		bx	lr
  28              		.size	CyBle_BasInit, .-CyBle_BasInit
  29 0002 C046     		.section	.text.CyBle_BasRegisterAttrCallback,"ax",%progbits
  30              		.align	2
  31              		.global	CyBle_BasRegisterAttrCallback
  32              		.code	16
  33              		.thumb_func
  34              		.type	CyBle_BasRegisterAttrCallback, %function
  35              	CyBle_BasRegisterAttrCallback:
  36              		@ args = 0, pretend = 0, frame = 0
  37              		@ frame_needed = 0, uses_anonymous_args = 0
  38              		@ link register save eliminated.
  39 0000 014B     		ldr	r3, .L3
  40              		@ sp needed
  41 0002 1860     		str	r0, [r3]
  42 0004 7047     		bx	lr
  43              	.L4:
  44 0006 C046     		.align	2
  45              	.L3:
  46 0008 00000000 		.word	.LANCHOR0
  47              		.size	CyBle_BasRegisterAttrCallback, .-CyBle_BasRegisterAttrCallback
  48              		.section	.text.CyBle_BassSetCharacteristicValue,"ax",%progbits
  49              		.align	2
  50              		.global	CyBle_BassSetCharacteristicValue
  51              		.code	16
  52              		.thumb_func
  53              		.type	CyBle_BassSetCharacteristicValue, %function
  54              	CyBle_BassSetCharacteristicValue:
  55              		@ args = 0, pretend = 0, frame = 16
  56              		@ frame_needed = 0, uses_anonymous_args = 0
  57 0000 10B5     		push	{r4, lr}
ARM GAS  C:\Users\DMA\AppData\Local\Temp\cccMCLUj.s 			page 2


  58 0002 0124     		movs	r4, #1
  59 0004 84B0     		sub	sp, sp, #16
  60 0006 0028     		cmp	r0, #0
  61 0008 03D1     		bne	.L6
  62 000a 0029     		cmp	r1, #0
  63 000c 01D1     		bne	.L6
  64 000e 012A     		cmp	r2, #1
  65 0010 02D0     		beq	.L12
  66              	.L6:
  67 0012 2000     		movs	r0, r4
  68 0014 04B0     		add	sp, sp, #16
  69              		@ sp needed
  70 0016 10BD     		pop	{r4, pc}
  71              	.L12:
  72 0018 1A78     		ldrb	r2, [r3]
  73 001a 642A     		cmp	r2, #100
  74 001c F9D8     		bhi	.L6
  75 001e 2B22     		movs	r2, #43
  76 0020 01A8     		add	r0, sp, #4
  77 0022 0281     		strh	r2, [r0, #8]
  78 0024 0193     		str	r3, [sp, #4]
  79 0026 0022     		movs	r2, #0
  80 0028 0023     		movs	r3, #0
  81 002a 8480     		strh	r4, [r0, #4]
  82 002c FFF7FEFF 		bl	CyBle_GattsWriteAttributeValue
  83 0030 441E     		subs	r4, r0, #1
  84 0032 A041     		sbcs	r0, r0, r4
  85 0034 84B2     		uxth	r4, r0
  86 0036 ECE7     		b	.L6
  87              		.size	CyBle_BassSetCharacteristicValue, .-CyBle_BassSetCharacteristicValue
  88              		.section	.text.CyBle_BassGetCharacteristicValue,"ax",%progbits
  89              		.align	2
  90              		.global	CyBle_BassGetCharacteristicValue
  91              		.code	16
  92              		.thumb_func
  93              		.type	CyBle_BassGetCharacteristicValue, %function
  94              	CyBle_BassGetCharacteristicValue:
  95              		@ args = 0, pretend = 0, frame = 16
  96              		@ frame_needed = 0, uses_anonymous_args = 0
  97 0000 10B5     		push	{r4, lr}
  98 0002 0124     		movs	r4, #1
  99 0004 84B0     		sub	sp, sp, #16
 100 0006 0028     		cmp	r0, #0
 101 0008 03D1     		bne	.L14
 102 000a 0029     		cmp	r1, #0
 103 000c 01D1     		bne	.L14
 104 000e 012A     		cmp	r2, #1
 105 0010 02D0     		beq	.L18
 106              	.L14:
 107 0012 2000     		movs	r0, r4
 108 0014 04B0     		add	sp, sp, #16
 109              		@ sp needed
 110 0016 10BD     		pop	{r4, pc}
 111              	.L18:
 112 0018 01A8     		add	r0, sp, #4
 113 001a 2A32     		adds	r2, r2, #42
 114 001c 0281     		strh	r2, [r0, #8]
ARM GAS  C:\Users\DMA\AppData\Local\Temp\cccMCLUj.s 			page 3


 115 001e 0022     		movs	r2, #0
 116 0020 8480     		strh	r4, [r0, #4]
 117 0022 0193     		str	r3, [sp, #4]
 118 0024 FFF7FEFF 		bl	CyBle_GattsReadAttributeValue
 119 0028 441E     		subs	r4, r0, #1
 120 002a A041     		sbcs	r0, r0, r4
 121 002c 84B2     		uxth	r4, r0
 122 002e F0E7     		b	.L14
 123              		.size	CyBle_BassGetCharacteristicValue, .-CyBle_BassGetCharacteristicValue
 124              		.section	.text.CyBle_BassGetCharacteristicDescriptor,"ax",%progbits
 125              		.align	2
 126              		.global	CyBle_BassGetCharacteristicDescriptor
 127              		.code	16
 128              		.thumb_func
 129              		.type	CyBle_BassGetCharacteristicDescriptor, %function
 130              	CyBle_BassGetCharacteristicDescriptor:
 131              		@ args = 4, pretend = 0, frame = 16
 132              		@ frame_needed = 0, uses_anonymous_args = 0
 133 0000 10B5     		push	{r4, lr}
 134 0002 0400     		movs	r4, r0
 135 0004 84B0     		sub	sp, sp, #16
 136 0006 0120     		movs	r0, #1
 137 0008 002C     		cmp	r4, #0
 138 000a 03D1     		bne	.L20
 139 000c 0029     		cmp	r1, #0
 140 000e 01D1     		bne	.L20
 141 0010 012A     		cmp	r2, #1
 142 0012 01D9     		bls	.L26
 143              	.L20:
 144 0014 04B0     		add	sp, sp, #16
 145              		@ sp needed
 146 0016 10BD     		pop	{r4, pc}
 147              	.L26:
 148 0018 5142     		rsbs	r1, r2, #0
 149 001a 4A41     		adcs	r2, r2, r1
 150 001c 01A8     		add	r0, sp, #4
 151 001e 2C32     		adds	r2, r2, #44
 152 0020 8380     		strh	r3, [r0, #4]
 153 0022 069B     		ldr	r3, [sp, #24]
 154 0024 0281     		strh	r2, [r0, #8]
 155 0026 0021     		movs	r1, #0
 156 0028 0022     		movs	r2, #0
 157 002a 0193     		str	r3, [sp, #4]
 158 002c FFF7FEFF 		bl	CyBle_GattsReadAttributeValue
 159 0030 431E     		subs	r3, r0, #1
 160 0032 9841     		sbcs	r0, r0, r3
 161 0034 80B2     		uxth	r0, r0
 162 0036 EDE7     		b	.L20
 163              		.size	CyBle_BassGetCharacteristicDescriptor, .-CyBle_BassGetCharacteristicDescriptor
 164              		.section	.text.CyBle_BassWriteEventHandler,"ax",%progbits
 165              		.align	2
 166              		.global	CyBle_BassWriteEventHandler
 167              		.code	16
 168              		.thumb_func
 169              		.type	CyBle_BassWriteEventHandler, %function
 170              	CyBle_BassWriteEventHandler:
 171              		@ args = 0, pretend = 0, frame = 16
ARM GAS  C:\Users\DMA\AppData\Local\Temp\cccMCLUj.s 			page 4


 172              		@ frame_needed = 0, uses_anonymous_args = 0
 173 0000 70B5     		push	{r4, r5, r6, lr}
 174 0002 234E     		ldr	r6, .L38
 175 0004 84B0     		sub	sp, sp, #16
 176 0006 3368     		ldr	r3, [r6]
 177 0008 0500     		movs	r5, r0
 178 000a 002B     		cmp	r3, #0
 179 000c 14D0     		beq	.L32
 180 000e 8389     		ldrh	r3, [r0, #12]
 181 0010 0024     		movs	r4, #0
 182 0012 2D2B     		cmp	r3, #45
 183 0014 02D0     		beq	.L36
 184              	.L28:
 185 0016 2000     		movs	r0, r4
 186 0018 04B0     		add	sp, sp, #16
 187              		@ sp needed
 188 001a 70BD     		pop	{r4, r5, r6, pc}
 189              	.L36:
 190 001c D323     		movs	r3, #211
 191 001e 1D4A     		ldr	r2, .L38+4
 192 0020 9B00     		lsls	r3, r3, #2
 193 0022 D358     		ldr	r3, [r2, r3]
 194 0024 0634     		adds	r4, r4, #6
 195 0026 0193     		str	r3, [sp, #4]
 196 0028 DB02     		lsls	r3, r3, #11
 197 002a 07D4     		bmi	.L37
 198              	.L29:
 199 002c 0121     		movs	r1, #1
 200 002e 1A4A     		ldr	r2, .L38+8
 201 0030 1378     		ldrb	r3, [r2]
 202 0032 8B43     		bics	r3, r1
 203 0034 1370     		strb	r3, [r2]
 204 0036 EEE7     		b	.L28
 205              	.L32:
 206 0038 0024     		movs	r4, #0
 207 003a ECE7     		b	.L28
 208              	.L37:
 209 003c 0430     		adds	r0, r0, #4
 210 003e 4023     		movs	r3, #64
 211 0040 2A00     		movs	r2, r5
 212 0042 0021     		movs	r1, #0
 213 0044 FFF7FEFF 		bl	CyBle_GattsWriteAttributeValue
 214 0048 041E     		subs	r4, r0, #0
 215 004a EFD1     		bne	.L29
 216 004c 2B88     		ldrh	r3, [r5]
 217 004e 02AA     		add	r2, sp, #8
 218 0050 1380     		strh	r3, [r2]
 219 0052 1300     		movs	r3, r2
 220 0054 0390     		str	r0, [sp, #12]
 221 0056 9870     		strb	r0, [r3, #2]
 222 0058 D870     		strb	r0, [r3, #3]
 223 005a 6868     		ldr	r0, [r5, #4]
 224 005c FFF7FEFF 		bl	CyBle_Get16ByPtr
 225 0060 C307     		lsls	r3, r0, #31
 226 0062 0ED5     		bpl	.L30
 227 0064 3220     		movs	r0, #50
 228 0066 3368     		ldr	r3, [r6]
ARM GAS  C:\Users\DMA\AppData\Local\Temp\cccMCLUj.s 			page 5


 229 0068 02A9     		add	r1, sp, #8
 230 006a FF30     		adds	r0, r0, #255
 231 006c 9847     		blx	r3
 232              	.L31:
 233 006e 0B4B     		ldr	r3, .L38+12
 234 0070 1B78     		ldrb	r3, [r3]
 235 0072 012B     		cmp	r3, #1
 236 0074 DAD1     		bne	.L29
 237 0076 0223     		movs	r3, #2
 238 0078 094A     		ldr	r2, .L38+16
 239 007a 1178     		ldrb	r1, [r2]
 240 007c 0B43     		orrs	r3, r1
 241 007e 1370     		strb	r3, [r2]
 242 0080 D4E7     		b	.L29
 243              	.L30:
 244 0082 9920     		movs	r0, #153
 245 0084 3368     		ldr	r3, [r6]
 246 0086 02A9     		add	r1, sp, #8
 247 0088 4000     		lsls	r0, r0, #1
 248 008a 9847     		blx	r3
 249 008c EFE7     		b	.L31
 250              	.L39:
 251 008e C046     		.align	2
 252              	.L38:
 253 0090 00000000 		.word	.LANCHOR0
 254 0094 00000000 		.word	cyBle_gattDB
 255 0098 00000000 		.word	cyBle_eventHandlerFlag
 256 009c 00000000 		.word	cyBle_peerBonding
 257 00a0 00000000 		.word	cyBle_pendingFlashWrite
 258              		.size	CyBle_BassWriteEventHandler, .-CyBle_BassWriteEventHandler
 259              		.section	.text.CyBle_BassSendNotification,"ax",%progbits
 260              		.align	2
 261              		.global	CyBle_BassSendNotification
 262              		.code	16
 263              		.thumb_func
 264              		.type	CyBle_BassSendNotification, %function
 265              	CyBle_BassSendNotification:
 266              		@ args = 4, pretend = 0, frame = 24
 267              		@ frame_needed = 0, uses_anonymous_args = 0
 268 0000 F0B5     		push	{r4, r5, r6, r7, lr}
 269 0002 87B0     		sub	sp, sp, #28
 270 0004 01AC     		add	r4, sp, #4
 271 0006 2080     		strh	r0, [r4]
 272 0008 1D00     		movs	r5, r3
 273 000a 0029     		cmp	r1, #0
 274 000c 03D1     		bne	.L43
 275 000e 002A     		cmp	r2, #0
 276 0010 01D1     		bne	.L43
 277 0012 012B     		cmp	r3, #1
 278 0014 02D0     		beq	.L46
 279              	.L43:
 280 0016 0120     		movs	r0, #1
 281              	.L42:
 282 0018 07B0     		add	sp, sp, #28
 283              		@ sp needed
 284 001a F0BD     		pop	{r4, r5, r6, r7, pc}
 285              	.L46:
ARM GAS  C:\Users\DMA\AppData\Local\Temp\cccMCLUj.s 			page 6


 286 001c 0C9B     		ldr	r3, [sp, #48]
 287 001e 1B78     		ldrb	r3, [r3]
 288 0020 642B     		cmp	r3, #100
 289 0022 F8D8     		bhi	.L43
 290 0024 2B27     		movs	r7, #43
 291 0026 0C9B     		ldr	r3, [sp, #48]
 292 0028 03AE     		add	r6, sp, #12
 293 002a 0393     		str	r3, [sp, #12]
 294 002c 0021     		movs	r1, #0
 295 002e 0023     		movs	r3, #0
 296 0030 3000     		movs	r0, r6
 297 0032 3781     		strh	r7, [r6, #8]
 298 0034 B580     		strh	r5, [r6, #4]
 299 0036 FFF7FEFF 		bl	CyBle_GattsWriteAttributeValue
 300 003a 0028     		cmp	r0, #0
 301 003c EBD1     		bne	.L43
 302 003e 0420     		movs	r0, #4
 303 0040 0C4B     		ldr	r3, .L48
 304 0042 FF30     		adds	r0, r0, #255
 305 0044 1B78     		ldrb	r3, [r3]
 306 0046 022B     		cmp	r3, #2
 307 0048 E6D1     		bne	.L42
 308 004a E023     		movs	r3, #224
 309 004c 0A4A     		ldr	r2, .L48+4
 310 004e 9B00     		lsls	r3, r3, #2
 311 0050 D358     		ldr	r3, [r2, r3]
 312 0052 5868     		ldr	r0, [r3, #4]
 313 0054 FFF7FEFF 		bl	CyBle_Get16ByPtr
 314 0058 0542     		tst	r5, r0
 315 005a 02D1     		bne	.L47
 316 005c 8020     		movs	r0, #128
 317 005e 4000     		lsls	r0, r0, #1
 318 0060 DAE7     		b	.L42
 319              	.L47:
 320 0062 0C9B     		ldr	r3, [sp, #48]
 321 0064 3100     		movs	r1, r6
 322 0066 2068     		ldr	r0, [r4]
 323 0068 3781     		strh	r7, [r6, #8]
 324 006a 3360     		str	r3, [r6]
 325 006c B580     		strh	r5, [r6, #4]
 326 006e FFF7FEFF 		bl	CyBle_GattsNotification
 327 0072 D1E7     		b	.L42
 328              	.L49:
 329              		.align	2
 330              	.L48:
 331 0074 00000000 		.word	cyBle_state
 332 0078 00000000 		.word	cyBle_gattDB
 333              		.size	CyBle_BassSendNotification, .-CyBle_BassSendNotification
 334              		.global	cyBle_bass
 335              		.section	.rodata
 336              		.align	2
 337              		.type	cyBle_bass, %object
 338              		.size	cyBle_bass, 8
 339              	cyBle_bass:
 340 0000 2900     		.short	41
 341 0002 2B00     		.short	43
 342 0004 2C00     		.short	44
ARM GAS  C:\Users\DMA\AppData\Local\Temp\cccMCLUj.s 			page 7


 343 0006 2D00     		.short	45
 344              		.bss
 345              		.align	2
 346              		.set	.LANCHOR0,. + 0
 347              		.type	CyBle_BasApplCallback, %object
 348              		.size	CyBle_BasApplCallback, 4
 349              	CyBle_BasApplCallback:
 350 0000 00000000 		.space	4
 351              		.ident	"GCC: (GNU Tools for ARM Embedded Processors) 5.4.1 20160609 (release) [ARM/embedded-5-bran
