ARM GAS  C:\Users\DMA\AppData\Local\Temp\ccMAqdwe.s 			page 1


   1              		.syntax unified
   2              		.cpu cortex-m0
   3              		.fpu softvfp
   4              		.eabi_attribute 20, 1
   5              		.eabi_attribute 21, 1
   6              		.eabi_attribute 23, 3
   7              		.eabi_attribute 24, 1
   8              		.eabi_attribute 25, 1
   9              		.eabi_attribute 26, 1
  10              		.eabi_attribute 30, 2
  11              		.eabi_attribute 34, 0
  12              		.eabi_attribute 18, 4
  13              		.thumb
  14              		.syntax unified
  15              		.file	"BLE_bless_isr.c"
  16              		.section	.text.BLE_bless_isr_Interrupt,"ax",%progbits
  17              		.align	2
  18              		.global	BLE_bless_isr_Interrupt
  19              		.code	16
  20              		.thumb_func
  21              		.type	BLE_bless_isr_Interrupt, %function
  22              	BLE_bless_isr_Interrupt:
  23              		@ args = 0, pretend = 0, frame = 0
  24              		@ frame_needed = 0, uses_anonymous_args = 0
  25              		@ link register save eliminated.
  26              		@ sp needed
  27 0000 7047     		bx	lr
  28              		.size	BLE_bless_isr_Interrupt, .-BLE_bless_isr_Interrupt
  29 0002 C046     		.section	.text.BLE_bless_isr_Start,"ax",%progbits
  30              		.align	2
  31              		.global	BLE_bless_isr_Start
  32              		.code	16
  33              		.thumb_func
  34              		.type	BLE_bless_isr_Start, %function
  35              	BLE_bless_isr_Start:
  36              		@ args = 0, pretend = 0, frame = 0
  37              		@ frame_needed = 0, uses_anonymous_args = 0
  38 0000 10B5     		push	{r4, lr}
  39 0002 8024     		movs	r4, #128
  40 0004 084B     		ldr	r3, .L3
  41 0006 6401     		lsls	r4, r4, #5
  42 0008 1C60     		str	r4, [r3]
  43 000a 084A     		ldr	r2, .L3+4
  44 000c 084B     		ldr	r3, .L3+8
  45              		@ sp needed
  46 000e 1A67     		str	r2, [r3, #112]
  47 0010 FFF7FEFF 		bl	CyEnterCriticalSection
  48 0014 C023     		movs	r3, #192
  49 0016 074A     		ldr	r2, .L3+12
  50 0018 1168     		ldr	r1, [r2]
  51 001a 0B43     		orrs	r3, r1
  52 001c 1360     		str	r3, [r2]
  53 001e FFF7FEFF 		bl	CyExitCriticalSection
  54 0022 054B     		ldr	r3, .L3+16
  55 0024 1C60     		str	r4, [r3]
  56 0026 10BD     		pop	{r4, pc}
  57              	.L4:
ARM GAS  C:\Users\DMA\AppData\Local\Temp\ccMAqdwe.s 			page 2


  58              		.align	2
  59              	.L3:
  60 0028 80E100E0 		.word	-536813184
  61 002c 00000000 		.word	BLE_bless_isr_Interrupt
  62 0030 00000000 		.word	CyRamVectors
  63 0034 0CE400E0 		.word	-536812532
  64 0038 00E100E0 		.word	-536813312
  65              		.size	BLE_bless_isr_Start, .-BLE_bless_isr_Start
  66              		.section	.text.BLE_bless_isr_StartEx,"ax",%progbits
  67              		.align	2
  68              		.global	BLE_bless_isr_StartEx
  69              		.code	16
  70              		.thumb_func
  71              		.type	BLE_bless_isr_StartEx, %function
  72              	BLE_bless_isr_StartEx:
  73              		@ args = 0, pretend = 0, frame = 0
  74              		@ frame_needed = 0, uses_anonymous_args = 0
  75 0000 10B5     		push	{r4, lr}
  76 0002 8024     		movs	r4, #128
  77 0004 084B     		ldr	r3, .L6
  78 0006 6401     		lsls	r4, r4, #5
  79 0008 1C60     		str	r4, [r3]
  80 000a 084B     		ldr	r3, .L6+4
  81              		@ sp needed
  82 000c 1867     		str	r0, [r3, #112]
  83 000e FFF7FEFF 		bl	CyEnterCriticalSection
  84 0012 C023     		movs	r3, #192
  85 0014 064A     		ldr	r2, .L6+8
  86 0016 1168     		ldr	r1, [r2]
  87 0018 0B43     		orrs	r3, r1
  88 001a 1360     		str	r3, [r2]
  89 001c FFF7FEFF 		bl	CyExitCriticalSection
  90 0020 044B     		ldr	r3, .L6+12
  91 0022 1C60     		str	r4, [r3]
  92 0024 10BD     		pop	{r4, pc}
  93              	.L7:
  94 0026 C046     		.align	2
  95              	.L6:
  96 0028 80E100E0 		.word	-536813184
  97 002c 00000000 		.word	CyRamVectors
  98 0030 0CE400E0 		.word	-536812532
  99 0034 00E100E0 		.word	-536813312
 100              		.size	BLE_bless_isr_StartEx, .-BLE_bless_isr_StartEx
 101              		.section	.text.BLE_bless_isr_Stop,"ax",%progbits
 102              		.align	2
 103              		.global	BLE_bless_isr_Stop
 104              		.code	16
 105              		.thumb_func
 106              		.type	BLE_bless_isr_Stop, %function
 107              	BLE_bless_isr_Stop:
 108              		@ args = 0, pretend = 0, frame = 0
 109              		@ frame_needed = 0, uses_anonymous_args = 0
 110              		@ link register save eliminated.
 111 0000 8022     		movs	r2, #128
 112 0002 034B     		ldr	r3, .L9
 113 0004 5201     		lsls	r2, r2, #5
 114 0006 1A60     		str	r2, [r3]
ARM GAS  C:\Users\DMA\AppData\Local\Temp\ccMAqdwe.s 			page 3


 115 0008 024A     		ldr	r2, .L9+4
 116 000a 034B     		ldr	r3, .L9+8
 117              		@ sp needed
 118 000c 1A67     		str	r2, [r3, #112]
 119 000e 7047     		bx	lr
 120              	.L10:
 121              		.align	2
 122              	.L9:
 123 0010 80E100E0 		.word	-536813184
 124 0014 00000000 		.word	IntDefaultHandler
 125 0018 00000000 		.word	CyRamVectors
 126              		.size	BLE_bless_isr_Stop, .-BLE_bless_isr_Stop
 127              		.section	.text.BLE_bless_isr_SetVector,"ax",%progbits
 128              		.align	2
 129              		.global	BLE_bless_isr_SetVector
 130              		.code	16
 131              		.thumb_func
 132              		.type	BLE_bless_isr_SetVector, %function
 133              	BLE_bless_isr_SetVector:
 134              		@ args = 0, pretend = 0, frame = 0
 135              		@ frame_needed = 0, uses_anonymous_args = 0
 136              		@ link register save eliminated.
 137 0000 014B     		ldr	r3, .L12
 138              		@ sp needed
 139 0002 1867     		str	r0, [r3, #112]
 140 0004 7047     		bx	lr
 141              	.L13:
 142 0006 C046     		.align	2
 143              	.L12:
 144 0008 00000000 		.word	CyRamVectors
 145              		.size	BLE_bless_isr_SetVector, .-BLE_bless_isr_SetVector
 146              		.section	.text.BLE_bless_isr_GetVector,"ax",%progbits
 147              		.align	2
 148              		.global	BLE_bless_isr_GetVector
 149              		.code	16
 150              		.thumb_func
 151              		.type	BLE_bless_isr_GetVector, %function
 152              	BLE_bless_isr_GetVector:
 153              		@ args = 0, pretend = 0, frame = 0
 154              		@ frame_needed = 0, uses_anonymous_args = 0
 155              		@ link register save eliminated.
 156 0000 014B     		ldr	r3, .L15
 157              		@ sp needed
 158 0002 186F     		ldr	r0, [r3, #112]
 159 0004 7047     		bx	lr
 160              	.L16:
 161 0006 C046     		.align	2
 162              	.L15:
 163 0008 00000000 		.word	CyRamVectors
 164              		.size	BLE_bless_isr_GetVector, .-BLE_bless_isr_GetVector
 165              		.section	.text.BLE_bless_isr_SetPriority,"ax",%progbits
 166              		.align	2
 167              		.global	BLE_bless_isr_SetPriority
 168              		.code	16
 169              		.thumb_func
 170              		.type	BLE_bless_isr_SetPriority, %function
 171              	BLE_bless_isr_SetPriority:
ARM GAS  C:\Users\DMA\AppData\Local\Temp\ccMAqdwe.s 			page 4


 172              		@ args = 0, pretend = 0, frame = 0
 173              		@ frame_needed = 0, uses_anonymous_args = 0
 174 0000 10B5     		push	{r4, lr}
 175 0002 0400     		movs	r4, r0
 176 0004 FFF7FEFF 		bl	CyEnterCriticalSection
 177 0008 C021     		movs	r1, #192
 178 000a 044A     		ldr	r2, .L18
 179 000c A401     		lsls	r4, r4, #6
 180 000e 1368     		ldr	r3, [r2]
 181              		@ sp needed
 182 0010 8B43     		bics	r3, r1
 183 0012 1C43     		orrs	r4, r3
 184 0014 1460     		str	r4, [r2]
 185 0016 FFF7FEFF 		bl	CyExitCriticalSection
 186 001a 10BD     		pop	{r4, pc}
 187              	.L19:
 188              		.align	2
 189              	.L18:
 190 001c 0CE400E0 		.word	-536812532
 191              		.size	BLE_bless_isr_SetPriority, .-BLE_bless_isr_SetPriority
 192              		.section	.text.BLE_bless_isr_GetPriority,"ax",%progbits
 193              		.align	2
 194              		.global	BLE_bless_isr_GetPriority
 195              		.code	16
 196              		.thumb_func
 197              		.type	BLE_bless_isr_GetPriority, %function
 198              	BLE_bless_isr_GetPriority:
 199              		@ args = 0, pretend = 0, frame = 0
 200              		@ frame_needed = 0, uses_anonymous_args = 0
 201              		@ link register save eliminated.
 202 0000 024B     		ldr	r3, .L21
 203              		@ sp needed
 204 0002 1868     		ldr	r0, [r3]
 205 0004 0006     		lsls	r0, r0, #24
 206 0006 800F     		lsrs	r0, r0, #30
 207 0008 7047     		bx	lr
 208              	.L22:
 209 000a C046     		.align	2
 210              	.L21:
 211 000c 0CE400E0 		.word	-536812532
 212              		.size	BLE_bless_isr_GetPriority, .-BLE_bless_isr_GetPriority
 213              		.section	.text.BLE_bless_isr_Enable,"ax",%progbits
 214              		.align	2
 215              		.global	BLE_bless_isr_Enable
 216              		.code	16
 217              		.thumb_func
 218              		.type	BLE_bless_isr_Enable, %function
 219              	BLE_bless_isr_Enable:
 220              		@ args = 0, pretend = 0, frame = 0
 221              		@ frame_needed = 0, uses_anonymous_args = 0
 222              		@ link register save eliminated.
 223 0000 8022     		movs	r2, #128
 224 0002 024B     		ldr	r3, .L24
 225 0004 5201     		lsls	r2, r2, #5
 226 0006 1A60     		str	r2, [r3]
 227              		@ sp needed
 228 0008 7047     		bx	lr
ARM GAS  C:\Users\DMA\AppData\Local\Temp\ccMAqdwe.s 			page 5


 229              	.L25:
 230 000a C046     		.align	2
 231              	.L24:
 232 000c 00E100E0 		.word	-536813312
 233              		.size	BLE_bless_isr_Enable, .-BLE_bless_isr_Enable
 234              		.section	.text.BLE_bless_isr_GetState,"ax",%progbits
 235              		.align	2
 236              		.global	BLE_bless_isr_GetState
 237              		.code	16
 238              		.thumb_func
 239              		.type	BLE_bless_isr_GetState, %function
 240              	BLE_bless_isr_GetState:
 241              		@ args = 0, pretend = 0, frame = 0
 242              		@ frame_needed = 0, uses_anonymous_args = 0
 243              		@ link register save eliminated.
 244 0000 024B     		ldr	r3, .L27
 245              		@ sp needed
 246 0002 1868     		ldr	r0, [r3]
 247 0004 C004     		lsls	r0, r0, #19
 248 0006 C00F     		lsrs	r0, r0, #31
 249 0008 7047     		bx	lr
 250              	.L28:
 251 000a C046     		.align	2
 252              	.L27:
 253 000c 00E100E0 		.word	-536813312
 254              		.size	BLE_bless_isr_GetState, .-BLE_bless_isr_GetState
 255              		.section	.text.BLE_bless_isr_Disable,"ax",%progbits
 256              		.align	2
 257              		.global	BLE_bless_isr_Disable
 258              		.code	16
 259              		.thumb_func
 260              		.type	BLE_bless_isr_Disable, %function
 261              	BLE_bless_isr_Disable:
 262              		@ args = 0, pretend = 0, frame = 0
 263              		@ frame_needed = 0, uses_anonymous_args = 0
 264              		@ link register save eliminated.
 265 0000 8022     		movs	r2, #128
 266 0002 024B     		ldr	r3, .L30
 267 0004 5201     		lsls	r2, r2, #5
 268 0006 1A60     		str	r2, [r3]
 269              		@ sp needed
 270 0008 7047     		bx	lr
 271              	.L31:
 272 000a C046     		.align	2
 273              	.L30:
 274 000c 80E100E0 		.word	-536813184
 275              		.size	BLE_bless_isr_Disable, .-BLE_bless_isr_Disable
 276              		.section	.text.BLE_bless_isr_SetPending,"ax",%progbits
 277              		.align	2
 278              		.global	BLE_bless_isr_SetPending
 279              		.code	16
 280              		.thumb_func
 281              		.type	BLE_bless_isr_SetPending, %function
 282              	BLE_bless_isr_SetPending:
 283              		@ args = 0, pretend = 0, frame = 0
 284              		@ frame_needed = 0, uses_anonymous_args = 0
 285              		@ link register save eliminated.
ARM GAS  C:\Users\DMA\AppData\Local\Temp\ccMAqdwe.s 			page 6


 286 0000 8022     		movs	r2, #128
 287 0002 024B     		ldr	r3, .L33
 288 0004 5201     		lsls	r2, r2, #5
 289 0006 1A60     		str	r2, [r3]
 290              		@ sp needed
 291 0008 7047     		bx	lr
 292              	.L34:
 293 000a C046     		.align	2
 294              	.L33:
 295 000c 00E200E0 		.word	-536813056
 296              		.size	BLE_bless_isr_SetPending, .-BLE_bless_isr_SetPending
 297              		.section	.text.BLE_bless_isr_ClearPending,"ax",%progbits
 298              		.align	2
 299              		.global	BLE_bless_isr_ClearPending
 300              		.code	16
 301              		.thumb_func
 302              		.type	BLE_bless_isr_ClearPending, %function
 303              	BLE_bless_isr_ClearPending:
 304              		@ args = 0, pretend = 0, frame = 0
 305              		@ frame_needed = 0, uses_anonymous_args = 0
 306              		@ link register save eliminated.
 307 0000 8022     		movs	r2, #128
 308 0002 024B     		ldr	r3, .L36
 309 0004 5201     		lsls	r2, r2, #5
 310 0006 1A60     		str	r2, [r3]
 311              		@ sp needed
 312 0008 7047     		bx	lr
 313              	.L37:
 314 000a C046     		.align	2
 315              	.L36:
 316 000c 80E200E0 		.word	-536812928
 317              		.size	BLE_bless_isr_ClearPending, .-BLE_bless_isr_ClearPending
 318              		.ident	"GCC: (GNU Tools for ARM Embedded Processors) 5.4.1 20160609 (release) [ARM/embedded-5-bran
