ARM GAS  C:\Users\DMA\AppData\Local\Temp\cclCgska.s 			page 1


   1              		.syntax unified
   2              		.cpu cortex-m0
   3              		.fpu softvfp
   4              		.eabi_attribute 20, 1
   5              		.eabi_attribute 21, 1
   6              		.eabi_attribute 23, 3
   7              		.eabi_attribute 24, 1
   8              		.eabi_attribute 25, 1
   9              		.eabi_attribute 26, 1
  10              		.eabi_attribute 30, 2
  11              		.eabi_attribute 34, 0
  12              		.eabi_attribute 18, 4
  13              		.thumb
  14              		.syntax unified
  15              		.file	"BLE_HAL_PVT.c"
  16              		.section	.text.CyBLE_Nvram_Write,"ax",%progbits
  17              		.align	2
  18              		.global	CyBLE_Nvram_Write
  19              		.code	16
  20              		.thumb_func
  21              		.type	CyBLE_Nvram_Write, %function
  22              	CyBLE_Nvram_Write:
  23              		@ args = 0, pretend = 0, frame = 256
  24              		@ frame_needed = 0, uses_anonymous_args = 0
  25 0000 F0B5     		push	{r4, r5, r6, r7, lr}
  26 0002 5F46     		mov	r7, fp
  27 0004 4D46     		mov	r5, r9
  28 0006 4446     		mov	r4, r8
  29 0008 5646     		mov	r6, r10
  30 000a F0B4     		push	{r4, r5, r6, r7}
  31 000c 264B     		ldr	r3, .L24
  32 000e 9046     		mov	r8, r2
  33 0010 8A18     		adds	r2, r1, r2
  34 0012 8146     		mov	r9, r0
  35 0014 C1B0     		sub	sp, sp, #260
  36 0016 0F00     		movs	r7, r1
  37 0018 0120     		movs	r0, #1
  38 001a 9A42     		cmp	r2, r3
  39 001c 3AD8     		bhi	.L18
  40 001e 0A0A     		lsrs	r2, r1, #8
  41 0020 4146     		mov	r1, r8
  42 0022 1302     		lsls	r3, r2, #8
  43 0024 0029     		cmp	r1, #0
  44 0026 3CD0     		beq	.L21
  45 0028 0132     		adds	r2, r2, #1
  46 002a 9246     		mov	r10, r2
  47 002c 6A46     		mov	r2, sp
  48 002e EB46     		mov	fp, sp
  49 0030 0024     		movs	r4, #0
  50 0032 D61A     		subs	r6, r2, r3
  51              	.L3:
  52 0034 0122     		movs	r2, #1
  53 0036 5242     		rsbs	r2, r2, #0
  54 0038 5244     		add	r2, r2, r10
  55 003a 9446     		mov	ip, r2
  56 003c 0021     		movs	r1, #0
  57 003e 5D1C     		adds	r5, r3, #1
ARM GAS  C:\Users\DMA\AppData\Local\Temp\cclCgska.s 			page 2


  58 0040 FF35     		adds	r5, r5, #255
  59              	.L7:
  60 0042 9F42     		cmp	r7, r3
  61 0044 17D8     		bhi	.L4
  62 0046 A045     		cmp	r8, r4
  63 0048 15D9     		bls	.L4
  64 004a 4A46     		mov	r2, r9
  65 004c 1878     		ldrb	r0, [r3]
  66 004e 125D     		ldrb	r2, [r2, r4]
  67 0050 F254     		strb	r2, [r6, r3]
  68 0052 8242     		cmp	r2, r0
  69 0054 00D0     		beq	.L5
  70 0056 0121     		movs	r1, #1
  71              	.L5:
  72 0058 0134     		adds	r4, r4, #1
  73              	.L6:
  74 005a 0133     		adds	r3, r3, #1
  75 005c 9D42     		cmp	r5, r3
  76 005e F0D1     		bne	.L7
  77 0060 0029     		cmp	r1, #0
  78 0062 0BD1     		bne	.L23
  79 0064 4445     		cmp	r4, r8
  80 0066 1CD2     		bcs	.L21
  81              	.L10:
  82 0068 0123     		movs	r3, #1
  83 006a 9C46     		mov	ip, r3
  84 006c 013E     		subs	r6, r6, #1
  85 006e E244     		add	r10, r10, ip
  86 0070 FF3E     		subs	r6, r6, #255
  87 0072 2B00     		movs	r3, r5
  88 0074 DEE7     		b	.L3
  89              	.L4:
  90 0076 1A78     		ldrb	r2, [r3]
  91 0078 F254     		strb	r2, [r6, r3]
  92 007a EEE7     		b	.L6
  93              	.L23:
  94 007c 5946     		mov	r1, fp
  95 007e 6046     		mov	r0, ip
  96 0080 FFF7FEFF 		bl	CySysFlashWriteRow
  97 0084 4445     		cmp	r4, r8
  98 0086 01D2     		bcs	.L9
  99 0088 0028     		cmp	r0, #0
 100 008a EDD0     		beq	.L10
 101              	.L9:
 102 008c 0128     		cmp	r0, #1
 103 008e 01D9     		bls	.L18
 104 0090 0120     		movs	r0, #1
 105 0092 4042     		rsbs	r0, r0, #0
 106              	.L18:
 107 0094 41B0     		add	sp, sp, #260
 108              		@ sp needed
 109 0096 3CBC     		pop	{r2, r3, r4, r5}
 110 0098 9046     		mov	r8, r2
 111 009a 9946     		mov	r9, r3
 112 009c A246     		mov	r10, r4
 113 009e AB46     		mov	fp, r5
 114 00a0 F0BD     		pop	{r4, r5, r6, r7, pc}
ARM GAS  C:\Users\DMA\AppData\Local\Temp\cclCgska.s 			page 3


 115              	.L21:
 116 00a2 0020     		movs	r0, #0
 117 00a4 F6E7     		b	.L18
 118              	.L25:
 119 00a6 C046     		.align	2
 120              	.L24:
 121 00a8 FFFF0300 		.word	262143
 122              		.size	CyBLE_Nvram_Write, .-CyBLE_Nvram_Write
 123              		.section	.text.CyBLE_Nvram_Erase,"ax",%progbits
 124              		.align	2
 125              		.global	CyBLE_Nvram_Erase
 126              		.code	16
 127              		.thumb_func
 128              		.type	CyBLE_Nvram_Erase, %function
 129              	CyBLE_Nvram_Erase:
 130              		@ args = 0, pretend = 0, frame = 520
 131              		@ frame_needed = 0, uses_anonymous_args = 0
 132 0000 F0B5     		push	{r4, r5, r6, r7, lr}
 133 0002 5F46     		mov	r7, fp
 134 0004 5646     		mov	r6, r10
 135 0006 4446     		mov	r4, r8
 136 0008 4D46     		mov	r5, r9
 137 000a 8022     		movs	r2, #128
 138 000c 8A46     		mov	r10, r1
 139 000e F0B4     		push	{r4, r5, r6, r7}
 140 0010 3A4C     		ldr	r4, .L59
 141 0012 0700     		movs	r7, r0
 142 0014 A544     		add	sp, sp, r4
 143 0016 5200     		lsls	r2, r2, #1
 144 0018 0021     		movs	r1, #0
 145 001a 02A8     		add	r0, sp, #8
 146 001c FFF7FEFF 		bl	memset
 147 0020 5346     		mov	r3, r10
 148 0022 002B     		cmp	r3, #0
 149 0024 49D0     		beq	.L39
 150 0026 42AB     		add	r3, sp, #264
 151 0028 0093     		str	r3, [sp]
 152              	.L40:
 153 002a 5346     		mov	r3, r10
 154 002c FF2B     		cmp	r3, #255
 155 002e 60D8     		bhi	.L45
 156 0030 D046     		mov	r8, r10
 157 0032 0193     		str	r3, [sp, #4]
 158              	.L28:
 159 0034 4346     		mov	r3, r8
 160 0036 324A     		ldr	r2, .L59+4
 161 0038 FB18     		adds	r3, r7, r3
 162 003a 9342     		cmp	r3, r2
 163 003c 57D8     		bhi	.L29
 164 003e 0024     		movs	r4, #0
 165 0040 3A0A     		lsrs	r2, r7, #8
 166 0042 1302     		lsls	r3, r2, #8
 167 0044 0132     		adds	r2, r2, #1
 168 0046 9146     		mov	r9, r2
 169 0048 009A     		ldr	r2, [sp]
 170 004a D61A     		subs	r6, r2, r3
 171              	.L30:
ARM GAS  C:\Users\DMA\AppData\Local\Temp\cclCgska.s 			page 4


 172 004c 0122     		movs	r2, #1
 173 004e 0021     		movs	r1, #0
 174 0050 5242     		rsbs	r2, r2, #0
 175 0052 4A44     		add	r2, r2, r9
 176 0054 4046     		mov	r0, r8
 177 0056 9446     		mov	ip, r2
 178 0058 8846     		mov	r8, r1
 179 005a 5D1C     		adds	r5, r3, #1
 180 005c FF35     		adds	r5, r5, #255
 181              	.L34:
 182 005e 9F42     		cmp	r7, r3
 183 0060 1ED8     		bhi	.L31
 184 0062 8442     		cmp	r4, r0
 185 0064 1CD2     		bcs	.L31
 186 0066 2749     		ldr	r1, .L59+8
 187 0068 82AA     		add	r2, sp, #520
 188 006a 8B46     		mov	fp, r1
 189 006c 1219     		adds	r2, r2, r4
 190 006e 5A44     		add	r2, r2, fp
 191 0070 1278     		ldrb	r2, [r2]
 192 0072 1978     		ldrb	r1, [r3]
 193 0074 F254     		strb	r2, [r6, r3]
 194 0076 8A42     		cmp	r2, r1
 195 0078 01D0     		beq	.L32
 196 007a 0122     		movs	r2, #1
 197 007c 9046     		mov	r8, r2
 198              	.L32:
 199 007e 0134     		adds	r4, r4, #1
 200              	.L33:
 201 0080 0133     		adds	r3, r3, #1
 202 0082 AB42     		cmp	r3, r5
 203 0084 EBD1     		bne	.L34
 204 0086 4146     		mov	r1, r8
 205 0088 8046     		mov	r8, r0
 206 008a 0029     		cmp	r1, #0
 207 008c 0BD1     		bne	.L58
 208 008e 8442     		cmp	r4, r0
 209 0090 22D2     		bcs	.L43
 210              	.L37:
 211 0092 0123     		movs	r3, #1
 212 0094 9C46     		mov	ip, r3
 213 0096 013E     		subs	r6, r6, #1
 214 0098 E144     		add	r9, r9, ip
 215 009a FF3E     		subs	r6, r6, #255
 216 009c 2B00     		movs	r3, r5
 217 009e D5E7     		b	.L30
 218              	.L31:
 219 00a0 1A78     		ldrb	r2, [r3]
 220 00a2 F254     		strb	r2, [r6, r3]
 221 00a4 ECE7     		b	.L33
 222              	.L58:
 223 00a6 0099     		ldr	r1, [sp]
 224 00a8 6046     		mov	r0, ip
 225 00aa FFF7FEFF 		bl	CySysFlashWriteRow
 226 00ae 4445     		cmp	r4, r8
 227 00b0 0ED2     		bcs	.L36
 228 00b2 0028     		cmp	r0, #0
ARM GAS  C:\Users\DMA\AppData\Local\Temp\cclCgska.s 			page 5


 229 00b4 EDD0     		beq	.L37
 230 00b6 0128     		cmp	r0, #1
 231 00b8 19D9     		bls	.L29
 232              	.L39:
 233 00ba 0120     		movs	r0, #1
 234 00bc 4042     		rsbs	r0, r0, #0
 235              	.L54:
 236 00be 8323     		movs	r3, #131
 237 00c0 9B00     		lsls	r3, r3, #2
 238 00c2 9D44     		add	sp, sp, r3
 239              		@ sp needed
 240 00c4 3CBC     		pop	{r2, r3, r4, r5}
 241 00c6 9046     		mov	r8, r2
 242 00c8 9946     		mov	r9, r3
 243 00ca A246     		mov	r10, r4
 244 00cc AB46     		mov	fp, r5
 245 00ce F0BD     		pop	{r4, r5, r6, r7, pc}
 246              	.L36:
 247 00d0 0128     		cmp	r0, #1
 248 00d2 F2D8     		bhi	.L39
 249 00d4 0028     		cmp	r0, #0
 250 00d6 0AD1     		bne	.L29
 251              	.L43:
 252 00d8 5346     		mov	r3, r10
 253 00da 019A     		ldr	r2, [sp, #4]
 254 00dc 0137     		adds	r7, r7, #1
 255 00de 9B1A     		subs	r3, r3, r2
 256 00e0 9BB2     		uxth	r3, r3
 257 00e2 FF37     		adds	r7, r7, #255
 258 00e4 9A46     		mov	r10, r3
 259 00e6 002B     		cmp	r3, #0
 260 00e8 9FD1     		bne	.L40
 261 00ea 0020     		movs	r0, #0
 262 00ec E7E7     		b	.L54
 263              	.L29:
 264 00ee 0120     		movs	r0, #1
 265 00f0 E5E7     		b	.L54
 266              	.L45:
 267 00f2 8023     		movs	r3, #128
 268 00f4 5B00     		lsls	r3, r3, #1
 269 00f6 9846     		mov	r8, r3
 270 00f8 0193     		str	r3, [sp, #4]
 271 00fa 9BE7     		b	.L28
 272              	.L60:
 273              		.align	2
 274              	.L59:
 275 00fc F4FDFFFF 		.word	-524
 276 0100 FFFF0300 		.word	262143
 277 0104 00FEFFFF 		.word	-512
 278              		.size	CyBLE_Nvram_Erase, .-CyBLE_Nvram_Erase
 279              		.section	.text.CyBLE_Bless_LlRegRead,"ax",%progbits
 280              		.align	2
 281              		.global	CyBLE_Bless_LlRegRead
 282              		.code	16
 283              		.thumb_func
 284              		.type	CyBLE_Bless_LlRegRead, %function
 285              	CyBLE_Bless_LlRegRead:
ARM GAS  C:\Users\DMA\AppData\Local\Temp\cclCgska.s 			page 6


 286              		@ args = 0, pretend = 0, frame = 0
 287              		@ frame_needed = 0, uses_anonymous_args = 0
 288              		@ link register save eliminated.
 289 0000 0368     		ldr	r3, [r0]
 290              		@ sp needed
 291 0002 0B80     		strh	r3, [r1]
 292 0004 7047     		bx	lr
 293              		.size	CyBLE_Bless_LlRegRead, .-CyBLE_Bless_LlRegRead
 294 0006 C046     		.section	.text.CyBLE_Bless_LlRegWrite,"ax",%progbits
 295              		.align	2
 296              		.global	CyBLE_Bless_LlRegWrite
 297              		.code	16
 298              		.thumb_func
 299              		.type	CyBLE_Bless_LlRegWrite, %function
 300              	CyBLE_Bless_LlRegWrite:
 301              		@ args = 0, pretend = 0, frame = 0
 302              		@ frame_needed = 0, uses_anonymous_args = 0
 303              		@ link register save eliminated.
 304 0000 0160     		str	r1, [r0]
 305              		@ sp needed
 306 0002 7047     		bx	lr
 307              		.size	CyBLE_Bless_LlRegWrite, .-CyBLE_Bless_LlRegWrite
 308              		.section	.text.CyBLE_Bless_RfRegRead,"ax",%progbits
 309              		.align	2
 310              		.global	CyBLE_Bless_RfRegRead
 311              		.code	16
 312              		.thumb_func
 313              		.type	CyBLE_Bless_RfRegRead, %function
 314              	CyBLE_Bless_RfRegRead:
 315              		@ args = 0, pretend = 0, frame = 0
 316              		@ frame_needed = 0, uses_anonymous_args = 0
 317              		@ link register save eliminated.
 318 0000 0368     		ldr	r3, [r0]
 319              		@ sp needed
 320 0002 0B80     		strh	r3, [r1]
 321 0004 7047     		bx	lr
 322              		.size	CyBLE_Bless_RfRegRead, .-CyBLE_Bless_RfRegRead
 323 0006 C046     		.section	.text.CyBLE_Bless_RfRegWrite,"ax",%progbits
 324              		.align	2
 325              		.global	CyBLE_Bless_RfRegWrite
 326              		.code	16
 327              		.thumb_func
 328              		.type	CyBLE_Bless_RfRegWrite, %function
 329              	CyBLE_Bless_RfRegWrite:
 330              		@ args = 0, pretend = 0, frame = 0
 331              		@ frame_needed = 0, uses_anonymous_args = 0
 332              		@ link register save eliminated.
 333 0000 0160     		str	r1, [r0]
 334              		@ sp needed
 335 0002 7047     		bx	lr
 336              		.size	CyBLE_Bless_RfRegWrite, .-CyBLE_Bless_RfRegWrite
 337              		.section	.text.CyBLE_BlessDeviceConfig,"ax",%progbits
 338              		.align	2
 339              		.global	CyBLE_BlessDeviceConfig
 340              		.code	16
 341              		.thumb_func
 342              		.type	CyBLE_BlessDeviceConfig, %function
ARM GAS  C:\Users\DMA\AppData\Local\Temp\cclCgska.s 			page 7


 343              	CyBLE_BlessDeviceConfig:
 344              		@ args = 0, pretend = 0, frame = 0
 345              		@ frame_needed = 0, uses_anonymous_args = 0
 346              		@ link register save eliminated.
 347 0000 314B     		ldr	r3, .L76
 348 0002 324A     		ldr	r2, .L76+4
 349 0004 1978     		ldrb	r1, [r3]
 350 0006 324B     		ldr	r3, .L76+8
 351 0008 0902     		lsls	r1, r1, #8
 352 000a 1B78     		ldrb	r3, [r3]
 353 000c 1943     		orrs	r1, r3
 354 000e 314B     		ldr	r3, .L76+12
 355 0010 1B78     		ldrb	r3, [r3]
 356 0012 1278     		ldrb	r2, [r2]
 357 0014 1B02     		lsls	r3, r3, #8
 358 0016 1343     		orrs	r3, r2
 359 0018 2F4A     		ldr	r2, .L76+16
 360 001a 9342     		cmp	r3, r2
 361 001c 4ED0     		beq	.L73
 362 001e D422     		movs	r2, #212
 363 0020 1201     		lsls	r2, r2, #4
 364 0022 9342     		cmp	r3, r2
 365 0024 46D0     		beq	.L74
 366              	.L67:
 367 0026 2D4A     		ldr	r2, .L76+20
 368 0028 1360     		str	r3, [r2]
 369 002a 2D4B     		ldr	r3, .L76+24
 370 002c 2D4A     		ldr	r2, .L76+28
 371 002e 1960     		str	r1, [r3]
 372 0030 2D4B     		ldr	r3, .L76+32
 373 0032 1B78     		ldrb	r3, [r3]
 374 0034 1278     		ldrb	r2, [r2]
 375 0036 1B02     		lsls	r3, r3, #8
 376 0038 1343     		orrs	r3, r2
 377 003a 2C4A     		ldr	r2, .L76+36
 378 003c 1342     		tst	r3, r2
 379 003e 00D1     		bne	.L68
 380 0040 2B4B     		ldr	r3, .L76+40
 381              	.L68:
 382 0042 2C4A     		ldr	r2, .L76+44
 383 0044 1360     		str	r3, [r2]
 384 0046 2C4B     		ldr	r3, .L76+48
 385 0048 2C4A     		ldr	r2, .L76+52
 386 004a 1B78     		ldrb	r3, [r3]
 387 004c 1278     		ldrb	r2, [r2]
 388 004e 1B02     		lsls	r3, r3, #8
 389 0050 1343     		orrs	r3, r2
 390 0052 2B4A     		ldr	r2, .L76+56
 391 0054 9342     		cmp	r3, r2
 392 0056 0DD0     		beq	.L72
 393 0058 2A4A     		ldr	r2, .L76+60
 394 005a 9342     		cmp	r3, r2
 395 005c 0AD0     		beq	.L72
 396 005e 052B     		cmp	r3, #5
 397 0060 08D0     		beq	.L72
 398 0062 294A     		ldr	r2, .L76+64
 399 0064 1360     		str	r3, [r2]
ARM GAS  C:\Users\DMA\AppData\Local\Temp\cclCgska.s 			page 8


 400 0066 294B     		ldr	r3, .L76+68
 401 0068 1A68     		ldr	r2, [r3]
 402 006a 294B     		ldr	r3, .L76+72
 403 006c 1B68     		ldr	r3, [r3]
 404 006e AA2B     		cmp	r3, #170
 405 0070 09D0     		beq	.L75
 406              	.L65:
 407              		@ sp needed
 408 0072 7047     		bx	lr
 409              	.L72:
 410 0074 274B     		ldr	r3, .L76+76
 411 0076 244A     		ldr	r2, .L76+64
 412 0078 1360     		str	r3, [r2]
 413 007a 244B     		ldr	r3, .L76+68
 414 007c 1A68     		ldr	r2, [r3]
 415 007e 244B     		ldr	r3, .L76+72
 416 0080 1B68     		ldr	r3, [r3]
 417 0082 AA2B     		cmp	r3, #170
 418 0084 F5D1     		bne	.L65
 419              	.L75:
 420 0086 1F2A     		cmp	r2, #31
 421 0088 F3D9     		bls	.L65
 422 008a 1B4B     		ldr	r3, .L76+48
 423 008c 1B78     		ldrb	r3, [r3]
 424 008e 0E2B     		cmp	r3, #14
 425 0090 EFD1     		bne	.L65
 426 0092 214B     		ldr	r3, .L76+80
 427 0094 214A     		ldr	r2, .L76+84
 428 0096 1B78     		ldrb	r3, [r3]
 429 0098 1278     		ldrb	r2, [r2]
 430 009a 1B02     		lsls	r3, r3, #8
 431 009c 1343     		orrs	r3, r2
 432 009e 204A     		ldr	r2, .L76+88
 433 00a0 1360     		str	r3, [r2]
 434 00a2 204B     		ldr	r3, .L76+92
 435 00a4 204A     		ldr	r2, .L76+96
 436 00a6 1B78     		ldrb	r3, [r3]
 437 00a8 1278     		ldrb	r2, [r2]
 438 00aa 1B02     		lsls	r3, r3, #8
 439 00ac 1343     		orrs	r3, r2
 440 00ae 1F4A     		ldr	r2, .L76+100
 441 00b0 1360     		str	r3, [r2]
 442 00b2 DEE7     		b	.L65
 443              	.L74:
 444 00b4 0429     		cmp	r1, #4
 445 00b6 B6D1     		bne	.L67
 446 00b8 1D4B     		ldr	r3, .L76+104
 447 00ba B4E7     		b	.L67
 448              	.L73:
 449 00bc 0729     		cmp	r1, #7
 450 00be B2D1     		bne	.L67
 451 00c0 1B4B     		ldr	r3, .L76+104
 452 00c2 0339     		subs	r1, r1, #3
 453 00c4 AFE7     		b	.L67
 454              	.L77:
 455 00c6 C046     		.align	2
 456              	.L76:
ARM GAS  C:\Users\DMA\AppData\Local\Temp\cclCgska.s 			page 9


 457 00c8 59F1FF0F 		.word	268431705
 458 00cc 5EF1FF0F 		.word	268431710
 459 00d0 58F1FF0F 		.word	268431704
 460 00d4 5FF1FF0F 		.word	268431711
 461 00d8 580B0000 		.word	2904
 462 00dc 6C002E40 		.word	1076756588
 463 00e0 74002E40 		.word	1076756596
 464 00e4 5AF1FF0F 		.word	268431706
 465 00e8 5BF1FF0F 		.word	268431707
 466 00ec FFDFFFFF 		.word	-8193
 467 00f0 02200000 		.word	8194
 468 00f4 78002E40 		.word	1076756600
 469 00f8 5DF1FF0F 		.word	268431709
 470 00fc 5CF1FF0F 		.word	268431708
 471 0100 0F0F0000 		.word	3855
 472 0104 05050000 		.word	1285
 473 0108 80002E40 		.word	1076756608
 474 010c EC0F00F0 		.word	-268431380
 475 0110 E00F00F0 		.word	-268431392
 476 0114 050F0000 		.word	3845
 477 0118 6DF2FF0F 		.word	268431981
 478 011c 6CF2FF0F 		.word	268431980
 479 0120 84002E40 		.word	1076756612
 480 0124 6FF2FF0F 		.word	268431983
 481 0128 6EF2FF0F 		.word	268431982
 482 012c 94002E40 		.word	1076756628
 483 0130 580D0000 		.word	3416
 484              		.size	CyBLE_BlessDeviceConfig, .-CyBLE_BlessDeviceConfig
 485              		.section	.text.CyBleHal_DelayUs,"ax",%progbits
 486              		.align	2
 487              		.global	CyBleHal_DelayUs
 488              		.code	16
 489              		.thumb_func
 490              		.type	CyBleHal_DelayUs, %function
 491              	CyBleHal_DelayUs:
 492              		@ args = 0, pretend = 0, frame = 0
 493              		@ frame_needed = 0, uses_anonymous_args = 0
 494 0000 10B5     		push	{r4, lr}
 495 0002 FFF7FEFF 		bl	CyDelayUs
 496              		@ sp needed
 497 0006 10BD     		pop	{r4, pc}
 498              		.size	CyBleHal_DelayUs, .-CyBleHal_DelayUs
 499              		.section	.text.CyBleHal_DelayMs,"ax",%progbits
 500              		.align	2
 501              		.global	CyBleHal_DelayMs
 502              		.code	16
 503              		.thumb_func
 504              		.type	CyBleHal_DelayMs, %function
 505              	CyBleHal_DelayMs:
 506              		@ args = 0, pretend = 0, frame = 0
 507              		@ frame_needed = 0, uses_anonymous_args = 0
 508 0000 10B5     		push	{r4, lr}
 509 0002 FFF7FEFF 		bl	CyDelay
 510              		@ sp needed
 511 0006 10BD     		pop	{r4, pc}
 512              		.size	CyBleHal_DelayMs, .-CyBleHal_DelayMs
 513              		.section	.text.CyBleHal_EnableGlobalInterrupts,"ax",%progbits
ARM GAS  C:\Users\DMA\AppData\Local\Temp\cclCgska.s 			page 10


 514              		.align	2
 515              		.global	CyBleHal_EnableGlobalInterrupts
 516              		.code	16
 517              		.thumb_func
 518              		.type	CyBleHal_EnableGlobalInterrupts, %function
 519              	CyBleHal_EnableGlobalInterrupts:
 520              		@ args = 0, pretend = 0, frame = 0
 521              		@ frame_needed = 0, uses_anonymous_args = 0
 522 0000 10B5     		push	{r4, lr}
 523 0002 FFF7FEFF 		bl	BLE_bless_isr_Enable
 524              		@ sp needed
 525 0006 10BD     		pop	{r4, pc}
 526              		.size	CyBleHal_EnableGlobalInterrupts, .-CyBleHal_EnableGlobalInterrupts
 527              		.section	.text.CyBleHal_DisableGlobalInterrupts,"ax",%progbits
 528              		.align	2
 529              		.global	CyBleHal_DisableGlobalInterrupts
 530              		.code	16
 531              		.thumb_func
 532              		.type	CyBleHal_DisableGlobalInterrupts, %function
 533              	CyBleHal_DisableGlobalInterrupts:
 534              		@ args = 0, pretend = 0, frame = 0
 535              		@ frame_needed = 0, uses_anonymous_args = 0
 536 0000 10B5     		push	{r4, lr}
 537 0002 FFF7FEFF 		bl	BLE_bless_isr_Disable
 538              		@ sp needed
 539 0006 10BD     		pop	{r4, pc}
 540              		.size	CyBleHal_DisableGlobalInterrupts, .-CyBleHal_DisableGlobalInterrupts
 541              		.section	.text.CyBle_HalInit,"ax",%progbits
 542              		.align	2
 543              		.global	CyBle_HalInit
 544              		.code	16
 545              		.thumb_func
 546              		.type	CyBle_HalInit, %function
 547              	CyBle_HalInit:
 548              		@ args = 0, pretend = 0, frame = 0
 549              		@ frame_needed = 0, uses_anonymous_args = 0
 550 0000 10B5     		push	{r4, lr}
 551 0002 FFF7FEFF 		bl	BLE_bless_isr_Disable
 552 0006 0348     		ldr	r0, .L83
 553 0008 FFF7FEFF 		bl	BLE_bless_isr_SetVector
 554 000c 0320     		movs	r0, #3
 555 000e FFF7FEFF 		bl	BLE_bless_isr_SetPriority
 556              		@ sp needed
 557 0012 10BD     		pop	{r4, pc}
 558              	.L84:
 559              		.align	2
 560              	.L83:
 561 0014 00000000 		.word	CyBLE_Bless_Interrupt
 562              		.size	CyBle_HalInit, .-CyBle_HalInit
 563              		.section	.text.CYBLE_BlessStart,"ax",%progbits
 564              		.align	2
 565              		.global	CYBLE_BlessStart
 566              		.code	16
 567              		.thumb_func
 568              		.type	CYBLE_BlessStart, %function
 569              	CYBLE_BlessStart:
 570              		@ args = 0, pretend = 0, frame = 0
ARM GAS  C:\Users\DMA\AppData\Local\Temp\cclCgska.s 			page 11


 571              		@ frame_needed = 0, uses_anonymous_args = 0
 572 0000 10B5     		push	{r4, lr}
 573 0002 0248     		ldr	r0, .L86
 574 0004 FFF7FEFF 		bl	BLE_bless_isr_StartEx
 575              		@ sp needed
 576 0008 10BD     		pop	{r4, pc}
 577              	.L87:
 578 000a C046     		.align	2
 579              	.L86:
 580 000c 00000000 		.word	CyBLE_Bless_Interrupt
 581              		.size	CYBLE_BlessStart, .-CYBLE_BlessStart
 582              		.section	.text.CyBLE_GetIpBlockVersion,"ax",%progbits
 583              		.align	2
 584              		.global	CyBLE_GetIpBlockVersion
 585              		.code	16
 586              		.thumb_func
 587              		.type	CyBLE_GetIpBlockVersion, %function
 588              	CyBLE_GetIpBlockVersion:
 589              		@ args = 0, pretend = 0, frame = 0
 590              		@ frame_needed = 0, uses_anonymous_args = 0
 591              		@ link register save eliminated.
 592 0000 0048     		ldr	r0, .L89
 593              		@ sp needed
 594 0002 7047     		bx	lr
 595              	.L90:
 596              		.align	2
 597              	.L89:
 598 0004 02020000 		.word	514
 599              		.size	CyBLE_GetIpBlockVersion, .-CyBLE_GetIpBlockVersion
 600              		.section	.text.CyBle_Hal_pairing_local_public_key_handler,"ax",%progbits
 601              		.align	2
 602              		.global	CyBle_Hal_pairing_local_public_key_handler
 603              		.code	16
 604              		.thumb_func
 605              		.type	CyBle_Hal_pairing_local_public_key_handler, %function
 606              	CyBle_Hal_pairing_local_public_key_handler:
 607              		@ args = 0, pretend = 0, frame = 0
 608              		@ frame_needed = 0, uses_anonymous_args = 0
 609              		@ link register save eliminated.
 610 0000 2B20     		movs	r0, #43
 611              		@ sp needed
 612 0002 7047     		bx	lr
 613              		.size	CyBle_Hal_pairing_local_public_key_handler, .-CyBle_Hal_pairing_local_public_key_handler
 614              		.section	.text.CyBle_Hal_pairing_remote_key_handler,"ax",%progbits
 615              		.align	2
 616              		.global	CyBle_Hal_pairing_remote_key_handler
 617              		.code	16
 618              		.thumb_func
 619              		.type	CyBle_Hal_pairing_remote_key_handler, %function
 620              	CyBle_Hal_pairing_remote_key_handler:
 621              		@ args = 0, pretend = 0, frame = 0
 622              		@ frame_needed = 0, uses_anonymous_args = 0
 623              		@ link register save eliminated.
 624 0000 2B20     		movs	r0, #43
 625              		@ sp needed
 626 0002 7047     		bx	lr
 627              		.size	CyBle_Hal_pairing_remote_key_handler, .-CyBle_Hal_pairing_remote_key_handler
ARM GAS  C:\Users\DMA\AppData\Local\Temp\cclCgska.s 			page 12


 628              		.section	.text.CyBle_Hal_pairing_dhkey_handler,"ax",%progbits
 629              		.align	2
 630              		.global	CyBle_Hal_pairing_dhkey_handler
 631              		.code	16
 632              		.thumb_func
 633              		.type	CyBle_Hal_pairing_dhkey_handler, %function
 634              	CyBle_Hal_pairing_dhkey_handler:
 635              		@ args = 0, pretend = 0, frame = 0
 636              		@ frame_needed = 0, uses_anonymous_args = 0
 637              		@ link register save eliminated.
 638 0000 2B20     		movs	r0, #43
 639              		@ sp needed
 640 0002 7047     		bx	lr
 641              		.size	CyBle_Hal_pairing_dhkey_handler, .-CyBle_Hal_pairing_dhkey_handler
 642              		.section	.text.CyBle_Hal_pairing_dhkey_check_handler,"ax",%progbits
 643              		.align	2
 644              		.global	CyBle_Hal_pairing_dhkey_check_handler
 645              		.code	16
 646              		.thumb_func
 647              		.type	CyBle_Hal_pairing_dhkey_check_handler, %function
 648              	CyBle_Hal_pairing_dhkey_check_handler:
 649              		@ args = 0, pretend = 0, frame = 0
 650              		@ frame_needed = 0, uses_anonymous_args = 0
 651              		@ link register save eliminated.
 652 0000 2B20     		movs	r0, #43
 653              		@ sp needed
 654 0002 7047     		bx	lr
 655              		.size	CyBle_Hal_pairing_dhkey_check_handler, .-CyBle_Hal_pairing_dhkey_check_handler
 656              		.section	.text.CyBle_Hal_pairing_keypress_notification_handler,"ax",%progbits
 657              		.align	2
 658              		.global	CyBle_Hal_pairing_keypress_notification_handler
 659              		.code	16
 660              		.thumb_func
 661              		.type	CyBle_Hal_pairing_keypress_notification_handler, %function
 662              	CyBle_Hal_pairing_keypress_notification_handler:
 663              		@ args = 0, pretend = 0, frame = 0
 664              		@ frame_needed = 0, uses_anonymous_args = 0
 665              		@ link register save eliminated.
 666 0000 2B20     		movs	r0, #43
 667              		@ sp needed
 668 0002 7047     		bx	lr
 669              		.size	CyBle_Hal_pairing_keypress_notification_handler, .-CyBle_Hal_pairing_keypress_notification_h
 670              		.section	.text.CyBle_Hal_pairing_rand_handler,"ax",%progbits
 671              		.align	2
 672              		.global	CyBle_Hal_pairing_rand_handler
 673              		.code	16
 674              		.thumb_func
 675              		.type	CyBle_Hal_pairing_rand_handler, %function
 676              	CyBle_Hal_pairing_rand_handler:
 677              		@ args = 0, pretend = 0, frame = 0
 678              		@ frame_needed = 0, uses_anonymous_args = 0
 679              		@ link register save eliminated.
 680 0000 2B20     		movs	r0, #43
 681              		@ sp needed
 682 0002 7047     		bx	lr
 683              		.size	CyBle_Hal_pairing_rand_handler, .-CyBle_Hal_pairing_rand_handler
 684              		.section	.text.CyBle_Hal_pairing_confirm_handler,"ax",%progbits
ARM GAS  C:\Users\DMA\AppData\Local\Temp\cclCgska.s 			page 13


 685              		.align	2
 686              		.global	CyBle_Hal_pairing_confirm_handler
 687              		.code	16
 688              		.thumb_func
 689              		.type	CyBle_Hal_pairing_confirm_handler, %function
 690              	CyBle_Hal_pairing_confirm_handler:
 691              		@ args = 0, pretend = 0, frame = 0
 692              		@ frame_needed = 0, uses_anonymous_args = 0
 693              		@ link register save eliminated.
 694 0000 2B20     		movs	r0, #43
 695              		@ sp needed
 696 0002 7047     		bx	lr
 697              		.size	CyBle_Hal_pairing_confirm_handler, .-CyBle_Hal_pairing_confirm_handler
 698              		.section	.text.CyBle_Hal_pairing_lr_confirming_handler,"ax",%progbits
 699              		.align	2
 700              		.global	CyBle_Hal_pairing_lr_confirming_handler
 701              		.code	16
 702              		.thumb_func
 703              		.type	CyBle_Hal_pairing_lr_confirming_handler, %function
 704              	CyBle_Hal_pairing_lr_confirming_handler:
 705              		@ args = 0, pretend = 0, frame = 0
 706              		@ frame_needed = 0, uses_anonymous_args = 0
 707              		@ link register save eliminated.
 708 0000 2B20     		movs	r0, #43
 709              		@ sp needed
 710 0002 7047     		bx	lr
 711              		.size	CyBle_Hal_pairing_lr_confirming_handler, .-CyBle_Hal_pairing_lr_confirming_handler
 712              		.section	.text.CyBle_Hal_pairing_sc_tbx_dhkey_generate_complete,"ax",%progbits
 713              		.align	2
 714              		.global	CyBle_Hal_pairing_sc_tbx_dhkey_generate_complete
 715              		.code	16
 716              		.thumb_func
 717              		.type	CyBle_Hal_pairing_sc_tbx_dhkey_generate_complete, %function
 718              	CyBle_Hal_pairing_sc_tbx_dhkey_generate_complete:
 719              		@ args = 0, pretend = 0, frame = 0
 720              		@ frame_needed = 0, uses_anonymous_args = 0
 721              		@ link register save eliminated.
 722 0000 2B20     		movs	r0, #43
 723              		@ sp needed
 724 0002 7047     		bx	lr
 725              		.size	CyBle_Hal_pairing_sc_tbx_dhkey_generate_complete, .-CyBle_Hal_pairing_sc_tbx_dhkey_generate_
 726              		.section	.text.CyBle_Hal_pairing_sc_tbx_local_pubkey_generate_complete,"ax",%progbits
 727              		.align	2
 728              		.global	CyBle_Hal_pairing_sc_tbx_local_pubkey_generate_complete
 729              		.code	16
 730              		.thumb_func
 731              		.type	CyBle_Hal_pairing_sc_tbx_local_pubkey_generate_complete, %function
 732              	CyBle_Hal_pairing_sc_tbx_local_pubkey_generate_complete:
 733              		@ args = 0, pretend = 0, frame = 0
 734              		@ frame_needed = 0, uses_anonymous_args = 0
 735              		@ link register save eliminated.
 736 0000 2B20     		movs	r0, #43
 737              		@ sp needed
 738 0002 7047     		bx	lr
 739              		.size	CyBle_Hal_pairing_sc_tbx_local_pubkey_generate_complete, .-CyBle_Hal_pairing_sc_tbx_local_pu
 740              		.section	.text.CyBle_Hal_pairing_sc_tbx_generate_local_P256_public_key,"ax",%progbits
 741              		.align	2
ARM GAS  C:\Users\DMA\AppData\Local\Temp\cclCgska.s 			page 14


 742              		.global	CyBle_Hal_pairing_sc_tbx_generate_local_P256_public_key
 743              		.code	16
 744              		.thumb_func
 745              		.type	CyBle_Hal_pairing_sc_tbx_generate_local_P256_public_key, %function
 746              	CyBle_Hal_pairing_sc_tbx_generate_local_P256_public_key:
 747              		@ args = 0, pretend = 0, frame = 0
 748              		@ frame_needed = 0, uses_anonymous_args = 0
 749              		@ link register save eliminated.
 750 0000 2B20     		movs	r0, #43
 751              		@ sp needed
 752 0002 7047     		bx	lr
 753              		.size	CyBle_Hal_pairing_sc_tbx_generate_local_P256_public_key, .-CyBle_Hal_pairing_sc_tbx_generate
 754              		.section	.text.CyBle_Hal_pairing_sc_tbx_generate_DHkey,"ax",%progbits
 755              		.align	2
 756              		.global	CyBle_Hal_pairing_sc_tbx_generate_DHkey
 757              		.code	16
 758              		.thumb_func
 759              		.type	CyBle_Hal_pairing_sc_tbx_generate_DHkey, %function
 760              	CyBle_Hal_pairing_sc_tbx_generate_DHkey:
 761              		@ args = 0, pretend = 0, frame = 0
 762              		@ frame_needed = 0, uses_anonymous_args = 0
 763              		@ link register save eliminated.
 764 0000 2B20     		movs	r0, #43
 765              		@ sp needed
 766 0002 7047     		bx	lr
 767              		.size	CyBle_Hal_pairing_sc_tbx_generate_DHkey, .-CyBle_Hal_pairing_sc_tbx_generate_DHkey
 768              		.section	.text.CyBle_Hal_smp_sc_cmac_complete,"ax",%progbits
 769              		.align	2
 770              		.global	CyBle_Hal_smp_sc_cmac_complete
 771              		.code	16
 772              		.thumb_func
 773              		.type	CyBle_Hal_smp_sc_cmac_complete, %function
 774              	CyBle_Hal_smp_sc_cmac_complete:
 775              		@ args = 0, pretend = 0, frame = 0
 776              		@ frame_needed = 0, uses_anonymous_args = 0
 777              		@ link register save eliminated.
 778              		@ sp needed
 779 0000 7047     		bx	lr
 780              		.size	CyBle_Hal_smp_sc_cmac_complete, .-CyBle_Hal_smp_sc_cmac_complete
 781 0002 C046     		.section	.text.CyBle_Hal_se_smp_sc_user_passkey_handler,"ax",%progbits
 782              		.align	2
 783              		.global	CyBle_Hal_se_smp_sc_user_passkey_handler
 784              		.code	16
 785              		.thumb_func
 786              		.type	CyBle_Hal_se_smp_sc_user_passkey_handler, %function
 787              	CyBle_Hal_se_smp_sc_user_passkey_handler:
 788              		@ args = 0, pretend = 0, frame = 0
 789              		@ frame_needed = 0, uses_anonymous_args = 0
 790              		@ link register save eliminated.
 791 0000 2B20     		movs	r0, #43
 792              		@ sp needed
 793 0002 7047     		bx	lr
 794              		.size	CyBle_Hal_se_smp_sc_user_passkey_handler, .-CyBle_Hal_se_smp_sc_user_passkey_handler
 795              		.section	.text.CyBle_Hal_EccPointMult,"ax",%progbits
 796              		.align	2
 797              		.global	CyBle_Hal_EccPointMult
 798              		.code	16
ARM GAS  C:\Users\DMA\AppData\Local\Temp\cclCgska.s 			page 15


 799              		.thumb_func
 800              		.type	CyBle_Hal_EccPointMult, %function
 801              	CyBle_Hal_EccPointMult:
 802              		@ args = 0, pretend = 0, frame = 0
 803              		@ frame_needed = 0, uses_anonymous_args = 0
 804              		@ link register save eliminated.
 805              		@ sp needed
 806 0000 7047     		bx	lr
 807              		.size	CyBle_Hal_EccPointMult, .-CyBle_Hal_EccPointMult
 808 0002 C046     		.section	.text.BLE_CMP_FTR_API_lec_hci_handle_read_local_P256_public_key_command,"ax",%progbits
 809              		.align	2
 810              		.global	BLE_CMP_FTR_API_lec_hci_handle_read_local_P256_public_key_command
 811              		.code	16
 812              		.thumb_func
 813              		.type	BLE_CMP_FTR_API_lec_hci_handle_read_local_P256_public_key_command, %function
 814              	BLE_CMP_FTR_API_lec_hci_handle_read_local_P256_public_key_command:
 815              		@ args = 0, pretend = 0, frame = 0
 816              		@ frame_needed = 0, uses_anonymous_args = 0
 817              		@ link register save eliminated.
 818 0000 0120     		movs	r0, #1
 819              		@ sp needed
 820 0002 7047     		bx	lr
 821              		.size	BLE_CMP_FTR_API_lec_hci_handle_read_local_P256_public_key_command, .-BLE_CMP_FTR_API_lec_hci
 822              		.section	.text.BLE_CMP_FTR_API_lec_hci_handle_generate_DHkey_command,"ax",%progbits
 823              		.align	2
 824              		.global	BLE_CMP_FTR_API_lec_hci_handle_generate_DHkey_command
 825              		.code	16
 826              		.thumb_func
 827              		.type	BLE_CMP_FTR_API_lec_hci_handle_generate_DHkey_command, %function
 828              	BLE_CMP_FTR_API_lec_hci_handle_generate_DHkey_command:
 829              		@ args = 0, pretend = 0, frame = 0
 830              		@ frame_needed = 0, uses_anonymous_args = 0
 831              		@ link register save eliminated.
 832 0000 0120     		movs	r0, #1
 833              		@ sp needed
 834 0002 7047     		bx	lr
 835              		.size	BLE_CMP_FTR_API_lec_hci_handle_generate_DHkey_command, .-BLE_CMP_FTR_API_lec_hci_handle_gene
 836              		.ident	"GCC: (GNU Tools for ARM Embedded Processors) 5.4.1 20160609 (release) [ARM/embedded-5-bran
