ARM GAS  C:\Users\DMA\AppData\Local\Temp\ccKL77Xg.s 			page 1


   1              		.syntax unified
   2              		.cpu cortex-m0
   3              		.fpu softvfp
   4              		.eabi_attribute 20, 1
   5              		.eabi_attribute 21, 1
   6              		.eabi_attribute 23, 3
   7              		.eabi_attribute 24, 1
   8              		.eabi_attribute 25, 1
   9              		.eabi_attribute 26, 1
  10              		.eabi_attribute 30, 2
  11              		.eabi_attribute 34, 0
  12              		.eabi_attribute 18, 4
  13              		.thumb
  14              		.syntax unified
  15              		.file	"cymetadata.c"
  16              		.global	cy_meta_chipprotect
  17              		.global	cy_metadata
  18              		.global	cy_meta_flashprotect
  19              		.section	.cychipprotect,"a",%progbits
  20              		.align	2
  21              		.type	cy_meta_chipprotect, %object
  22              		.size	cy_meta_chipprotect, 1
  23              	cy_meta_chipprotect:
  24 0000 01       		.byte	1
  25              		.section	.cymeta,"a",%progbits
  26              		.align	2
  27              		.type	cy_metadata, %object
  28              		.size	cy_metadata, 12
  29              	cy_metadata:
  30 0000 00       		.byte	0
  31 0001 02       		.byte	2
  32 0002 1A       		.byte	26
  33 0003 17       		.byte	23
  34 0004 11       		.byte	17
  35 0005 AA       		.byte	-86
  36 0006 00       		.byte	0
  37 0007 01       		.byte	1
  38 0008 00       		.byte	0
  39 0009 00       		.byte	0
  40 000a 00       		.byte	0
  41 000b 00       		.byte	0
  42              		.section	.cyflashprotect,"a",%progbits
  43              		.align	2
  44              		.type	cy_meta_flashprotect, %object
  45              		.size	cy_meta_flashprotect, 128
  46              	cy_meta_flashprotect:
  47 0000 00000000 		.space	128
  47      00000000 
  47      00000000 
  47      00000000 
  47      00000000 
  48              		.ident	"GCC: (GNU Tools for ARM Embedded Processors) 5.4.1 20160609 (release) [ARM/embedded-5-bran
