ARM GAS  C:\Users\DMA\AppData\Local\Temp\cc3rGefm.s 			page 1


   1              		.syntax unified
   2              		.cpu cortex-m0
   3              		.fpu softvfp
   4              		.eabi_attribute 20, 1
   5              		.eabi_attribute 21, 1
   6              		.eabi_attribute 23, 3
   7              		.eabi_attribute 24, 1
   8              		.eabi_attribute 25, 1
   9              		.eabi_attribute 26, 1
  10              		.eabi_attribute 30, 2
  11              		.eabi_attribute 34, 0
  12              		.eabi_attribute 18, 4
  13              		.thumb
  14              		.syntax unified
  15              		.file	"LED_BLU.c"
  16              		.section	.text.LED_BLU_SetDriveMode,"ax",%progbits
  17              		.align	2
  18              		.global	LED_BLU_SetDriveMode
  19              		.code	16
  20              		.thumb_func
  21              		.type	LED_BLU_SetDriveMode, %function
  22              	LED_BLU_SetDriveMode:
  23              		@ args = 0, pretend = 0, frame = 0
  24              		@ frame_needed = 0, uses_anonymous_args = 0
  25              		@ link register save eliminated.
  26 0000 034A     		ldr	r2, .L2
  27 0002 044B     		ldr	r3, .L2+4
  28 0004 1168     		ldr	r1, [r2]
  29 0006 4005     		lsls	r0, r0, #21
  30 0008 0B40     		ands	r3, r1
  31 000a 1843     		orrs	r0, r3
  32 000c 1060     		str	r0, [r2]
  33              		@ sp needed
  34 000e 7047     		bx	lr
  35              	.L3:
  36              		.align	2
  37              	.L2:
  38 0010 08030440 		.word	1074004744
  39 0014 FFFF1FFF 		.word	-14680065
  40              		.size	LED_BLU_SetDriveMode, .-LED_BLU_SetDriveMode
  41              		.section	.text.LED_BLU_Write,"ax",%progbits
  42              		.align	2
  43              		.global	LED_BLU_Write
  44              		.code	16
  45              		.thumb_func
  46              		.type	LED_BLU_Write, %function
  47              	LED_BLU_Write:
  48              		@ args = 0, pretend = 0, frame = 0
  49              		@ frame_needed = 0, uses_anonymous_args = 0
  50              		@ link register save eliminated.
  51 0000 7F21     		movs	r1, #127
  52 0002 044A     		ldr	r2, .L5
  53 0004 C001     		lsls	r0, r0, #7
  54 0006 1368     		ldr	r3, [r2]
  55              		@ sp needed
  56 0008 0B40     		ands	r3, r1
  57 000a 1843     		orrs	r0, r3
ARM GAS  C:\Users\DMA\AppData\Local\Temp\cc3rGefm.s 			page 2


  58 000c C0B2     		uxtb	r0, r0
  59 000e 1060     		str	r0, [r2]
  60 0010 7047     		bx	lr
  61              	.L6:
  62 0012 C046     		.align	2
  63              	.L5:
  64 0014 00030440 		.word	1074004736
  65              		.size	LED_BLU_Write, .-LED_BLU_Write
  66              		.section	.text.LED_BLU_Read,"ax",%progbits
  67              		.align	2
  68              		.global	LED_BLU_Read
  69              		.code	16
  70              		.thumb_func
  71              		.type	LED_BLU_Read, %function
  72              	LED_BLU_Read:
  73              		@ args = 0, pretend = 0, frame = 0
  74              		@ frame_needed = 0, uses_anonymous_args = 0
  75              		@ link register save eliminated.
  76 0000 024B     		ldr	r3, .L8
  77              		@ sp needed
  78 0002 1868     		ldr	r0, [r3]
  79 0004 0006     		lsls	r0, r0, #24
  80 0006 C00F     		lsrs	r0, r0, #31
  81 0008 7047     		bx	lr
  82              	.L9:
  83 000a C046     		.align	2
  84              	.L8:
  85 000c 04030440 		.word	1074004740
  86              		.size	LED_BLU_Read, .-LED_BLU_Read
  87              		.section	.text.LED_BLU_ReadDataReg,"ax",%progbits
  88              		.align	2
  89              		.global	LED_BLU_ReadDataReg
  90              		.code	16
  91              		.thumb_func
  92              		.type	LED_BLU_ReadDataReg, %function
  93              	LED_BLU_ReadDataReg:
  94              		@ args = 0, pretend = 0, frame = 0
  95              		@ frame_needed = 0, uses_anonymous_args = 0
  96              		@ link register save eliminated.
  97 0000 024B     		ldr	r3, .L11
  98              		@ sp needed
  99 0002 1868     		ldr	r0, [r3]
 100 0004 0006     		lsls	r0, r0, #24
 101 0006 C00F     		lsrs	r0, r0, #31
 102 0008 7047     		bx	lr
 103              	.L12:
 104 000a C046     		.align	2
 105              	.L11:
 106 000c 00030440 		.word	1074004736
 107              		.size	LED_BLU_ReadDataReg, .-LED_BLU_ReadDataReg
 108              		.section	.text.LED_BLU_SetInterruptMode,"ax",%progbits
 109              		.align	2
 110              		.global	LED_BLU_SetInterruptMode
 111              		.code	16
 112              		.thumb_func
 113              		.type	LED_BLU_SetInterruptMode, %function
 114              	LED_BLU_SetInterruptMode:
ARM GAS  C:\Users\DMA\AppData\Local\Temp\cc3rGefm.s 			page 3


 115              		@ args = 0, pretend = 0, frame = 0
 116              		@ frame_needed = 0, uses_anonymous_args = 0
 117              		@ link register save eliminated.
 118 0000 034A     		ldr	r2, .L14
 119              		@ sp needed
 120 0002 1368     		ldr	r3, [r2]
 121 0004 8343     		bics	r3, r0
 122 0006 0840     		ands	r0, r1
 123 0008 1843     		orrs	r0, r3
 124 000a 1060     		str	r0, [r2]
 125 000c 7047     		bx	lr
 126              	.L15:
 127 000e C046     		.align	2
 128              	.L14:
 129 0010 0C030440 		.word	1074004748
 130              		.size	LED_BLU_SetInterruptMode, .-LED_BLU_SetInterruptMode
 131              		.section	.text.LED_BLU_ClearInterrupt,"ax",%progbits
 132              		.align	2
 133              		.global	LED_BLU_ClearInterrupt
 134              		.code	16
 135              		.thumb_func
 136              		.type	LED_BLU_ClearInterrupt, %function
 137              	LED_BLU_ClearInterrupt:
 138              		@ args = 0, pretend = 0, frame = 0
 139              		@ frame_needed = 0, uses_anonymous_args = 0
 140              		@ link register save eliminated.
 141 0000 7F22     		movs	r2, #127
 142 0002 034B     		ldr	r3, .L17
 143              		@ sp needed
 144 0004 1868     		ldr	r0, [r3]
 145 0006 9043     		bics	r0, r2
 146 0008 C0B2     		uxtb	r0, r0
 147 000a 1860     		str	r0, [r3]
 148 000c C009     		lsrs	r0, r0, #7
 149 000e 7047     		bx	lr
 150              	.L18:
 151              		.align	2
 152              	.L17:
 153 0010 10030440 		.word	1074004752
 154              		.size	LED_BLU_ClearInterrupt, .-LED_BLU_ClearInterrupt
 155              		.ident	"GCC: (GNU Tools for ARM Embedded Processors) 5.4.1 20160609 (release) [ARM/embedded-5-bran
