ARM GAS  C:\Users\DMA\AppData\Local\Temp\ccAOllPW.s 			page 1


   1              		.syntax unified
   2              		.cpu cortex-m0
   3              		.fpu softvfp
   4              		.eabi_attribute 20, 1
   5              		.eabi_attribute 21, 1
   6              		.eabi_attribute 23, 3
   7              		.eabi_attribute 24, 1
   8              		.eabi_attribute 25, 1
   9              		.eabi_attribute 26, 1
  10              		.eabi_attribute 30, 2
  11              		.eabi_attribute 34, 0
  12              		.eabi_attribute 18, 4
  13              		.thumb
  14              		.syntax unified
  15              		.file	"SCB_SCB_IRQ.c"
  16              		.section	.text.SCB_SCB_IRQ_Interrupt,"ax",%progbits
  17              		.align	2
  18              		.global	SCB_SCB_IRQ_Interrupt
  19              		.code	16
  20              		.thumb_func
  21              		.type	SCB_SCB_IRQ_Interrupt, %function
  22              	SCB_SCB_IRQ_Interrupt:
  23              		@ args = 0, pretend = 0, frame = 0
  24              		@ frame_needed = 0, uses_anonymous_args = 0
  25              		@ link register save eliminated.
  26              		@ sp needed
  27 0000 7047     		bx	lr
  28              		.size	SCB_SCB_IRQ_Interrupt, .-SCB_SCB_IRQ_Interrupt
  29 0002 C046     		.section	.text.SCB_SCB_IRQ_Start,"ax",%progbits
  30              		.align	2
  31              		.global	SCB_SCB_IRQ_Start
  32              		.code	16
  33              		.thumb_func
  34              		.type	SCB_SCB_IRQ_Start, %function
  35              	SCB_SCB_IRQ_Start:
  36              		@ args = 0, pretend = 0, frame = 0
  37              		@ frame_needed = 0, uses_anonymous_args = 0
  38 0000 10B5     		push	{r4, lr}
  39 0002 8024     		movs	r4, #128
  40 0004 094B     		ldr	r3, .L3
  41 0006 E400     		lsls	r4, r4, #3
  42 0008 1C60     		str	r4, [r3]
  43 000a 094A     		ldr	r2, .L3+4
  44 000c 094B     		ldr	r3, .L3+8
  45              		@ sp needed
  46 000e 9A66     		str	r2, [r3, #104]
  47 0010 FFF7FEFF 		bl	CyEnterCriticalSection
  48 0014 C023     		movs	r3, #192
  49 0016 084A     		ldr	r2, .L3+12
  50 0018 1B04     		lsls	r3, r3, #16
  51 001a 1168     		ldr	r1, [r2]
  52 001c 0B43     		orrs	r3, r1
  53 001e 1360     		str	r3, [r2]
  54 0020 FFF7FEFF 		bl	CyExitCriticalSection
  55 0024 054B     		ldr	r3, .L3+16
  56 0026 1C60     		str	r4, [r3]
  57 0028 10BD     		pop	{r4, pc}
ARM GAS  C:\Users\DMA\AppData\Local\Temp\ccAOllPW.s 			page 2


  58              	.L4:
  59 002a C046     		.align	2
  60              	.L3:
  61 002c 80E100E0 		.word	-536813184
  62 0030 00000000 		.word	SCB_SCB_IRQ_Interrupt
  63 0034 00000000 		.word	CyRamVectors
  64 0038 08E400E0 		.word	-536812536
  65 003c 00E100E0 		.word	-536813312
  66              		.size	SCB_SCB_IRQ_Start, .-SCB_SCB_IRQ_Start
  67              		.section	.text.SCB_SCB_IRQ_StartEx,"ax",%progbits
  68              		.align	2
  69              		.global	SCB_SCB_IRQ_StartEx
  70              		.code	16
  71              		.thumb_func
  72              		.type	SCB_SCB_IRQ_StartEx, %function
  73              	SCB_SCB_IRQ_StartEx:
  74              		@ args = 0, pretend = 0, frame = 0
  75              		@ frame_needed = 0, uses_anonymous_args = 0
  76 0000 10B5     		push	{r4, lr}
  77 0002 8024     		movs	r4, #128
  78 0004 084B     		ldr	r3, .L6
  79 0006 E400     		lsls	r4, r4, #3
  80 0008 1C60     		str	r4, [r3]
  81 000a 084B     		ldr	r3, .L6+4
  82              		@ sp needed
  83 000c 9866     		str	r0, [r3, #104]
  84 000e FFF7FEFF 		bl	CyEnterCriticalSection
  85 0012 C023     		movs	r3, #192
  86 0014 064A     		ldr	r2, .L6+8
  87 0016 1B04     		lsls	r3, r3, #16
  88 0018 1168     		ldr	r1, [r2]
  89 001a 0B43     		orrs	r3, r1
  90 001c 1360     		str	r3, [r2]
  91 001e FFF7FEFF 		bl	CyExitCriticalSection
  92 0022 044B     		ldr	r3, .L6+12
  93 0024 1C60     		str	r4, [r3]
  94 0026 10BD     		pop	{r4, pc}
  95              	.L7:
  96              		.align	2
  97              	.L6:
  98 0028 80E100E0 		.word	-536813184
  99 002c 00000000 		.word	CyRamVectors
 100 0030 08E400E0 		.word	-536812536
 101 0034 00E100E0 		.word	-536813312
 102              		.size	SCB_SCB_IRQ_StartEx, .-SCB_SCB_IRQ_StartEx
 103              		.section	.text.SCB_SCB_IRQ_Stop,"ax",%progbits
 104              		.align	2
 105              		.global	SCB_SCB_IRQ_Stop
 106              		.code	16
 107              		.thumb_func
 108              		.type	SCB_SCB_IRQ_Stop, %function
 109              	SCB_SCB_IRQ_Stop:
 110              		@ args = 0, pretend = 0, frame = 0
 111              		@ frame_needed = 0, uses_anonymous_args = 0
 112              		@ link register save eliminated.
 113 0000 8022     		movs	r2, #128
 114 0002 034B     		ldr	r3, .L9
ARM GAS  C:\Users\DMA\AppData\Local\Temp\ccAOllPW.s 			page 3


 115 0004 D200     		lsls	r2, r2, #3
 116 0006 1A60     		str	r2, [r3]
 117 0008 024A     		ldr	r2, .L9+4
 118 000a 034B     		ldr	r3, .L9+8
 119              		@ sp needed
 120 000c 9A66     		str	r2, [r3, #104]
 121 000e 7047     		bx	lr
 122              	.L10:
 123              		.align	2
 124              	.L9:
 125 0010 80E100E0 		.word	-536813184
 126 0014 00000000 		.word	IntDefaultHandler
 127 0018 00000000 		.word	CyRamVectors
 128              		.size	SCB_SCB_IRQ_Stop, .-SCB_SCB_IRQ_Stop
 129              		.section	.text.SCB_SCB_IRQ_SetVector,"ax",%progbits
 130              		.align	2
 131              		.global	SCB_SCB_IRQ_SetVector
 132              		.code	16
 133              		.thumb_func
 134              		.type	SCB_SCB_IRQ_SetVector, %function
 135              	SCB_SCB_IRQ_SetVector:
 136              		@ args = 0, pretend = 0, frame = 0
 137              		@ frame_needed = 0, uses_anonymous_args = 0
 138              		@ link register save eliminated.
 139 0000 014B     		ldr	r3, .L12
 140              		@ sp needed
 141 0002 9866     		str	r0, [r3, #104]
 142 0004 7047     		bx	lr
 143              	.L13:
 144 0006 C046     		.align	2
 145              	.L12:
 146 0008 00000000 		.word	CyRamVectors
 147              		.size	SCB_SCB_IRQ_SetVector, .-SCB_SCB_IRQ_SetVector
 148              		.section	.text.SCB_SCB_IRQ_GetVector,"ax",%progbits
 149              		.align	2
 150              		.global	SCB_SCB_IRQ_GetVector
 151              		.code	16
 152              		.thumb_func
 153              		.type	SCB_SCB_IRQ_GetVector, %function
 154              	SCB_SCB_IRQ_GetVector:
 155              		@ args = 0, pretend = 0, frame = 0
 156              		@ frame_needed = 0, uses_anonymous_args = 0
 157              		@ link register save eliminated.
 158 0000 014B     		ldr	r3, .L15
 159              		@ sp needed
 160 0002 986E     		ldr	r0, [r3, #104]
 161 0004 7047     		bx	lr
 162              	.L16:
 163 0006 C046     		.align	2
 164              	.L15:
 165 0008 00000000 		.word	CyRamVectors
 166              		.size	SCB_SCB_IRQ_GetVector, .-SCB_SCB_IRQ_GetVector
 167              		.section	.text.SCB_SCB_IRQ_SetPriority,"ax",%progbits
 168              		.align	2
 169              		.global	SCB_SCB_IRQ_SetPriority
 170              		.code	16
 171              		.thumb_func
ARM GAS  C:\Users\DMA\AppData\Local\Temp\ccAOllPW.s 			page 4


 172              		.type	SCB_SCB_IRQ_SetPriority, %function
 173              	SCB_SCB_IRQ_SetPriority:
 174              		@ args = 0, pretend = 0, frame = 0
 175              		@ frame_needed = 0, uses_anonymous_args = 0
 176 0000 10B5     		push	{r4, lr}
 177 0002 0400     		movs	r4, r0
 178 0004 FFF7FEFF 		bl	CyEnterCriticalSection
 179 0008 044A     		ldr	r2, .L18
 180 000a 054B     		ldr	r3, .L18+4
 181 000c 1168     		ldr	r1, [r2]
 182 000e A405     		lsls	r4, r4, #22
 183 0010 0B40     		ands	r3, r1
 184 0012 1C43     		orrs	r4, r3
 185 0014 1460     		str	r4, [r2]
 186 0016 FFF7FEFF 		bl	CyExitCriticalSection
 187              		@ sp needed
 188 001a 10BD     		pop	{r4, pc}
 189              	.L19:
 190              		.align	2
 191              	.L18:
 192 001c 08E400E0 		.word	-536812536
 193 0020 FFFF3FFF 		.word	-12582913
 194              		.size	SCB_SCB_IRQ_SetPriority, .-SCB_SCB_IRQ_SetPriority
 195              		.section	.text.SCB_SCB_IRQ_GetPriority,"ax",%progbits
 196              		.align	2
 197              		.global	SCB_SCB_IRQ_GetPriority
 198              		.code	16
 199              		.thumb_func
 200              		.type	SCB_SCB_IRQ_GetPriority, %function
 201              	SCB_SCB_IRQ_GetPriority:
 202              		@ args = 0, pretend = 0, frame = 0
 203              		@ frame_needed = 0, uses_anonymous_args = 0
 204              		@ link register save eliminated.
 205 0000 024B     		ldr	r3, .L21
 206              		@ sp needed
 207 0002 1868     		ldr	r0, [r3]
 208 0004 0002     		lsls	r0, r0, #8
 209 0006 800F     		lsrs	r0, r0, #30
 210 0008 7047     		bx	lr
 211              	.L22:
 212 000a C046     		.align	2
 213              	.L21:
 214 000c 08E400E0 		.word	-536812536
 215              		.size	SCB_SCB_IRQ_GetPriority, .-SCB_SCB_IRQ_GetPriority
 216              		.section	.text.SCB_SCB_IRQ_Enable,"ax",%progbits
 217              		.align	2
 218              		.global	SCB_SCB_IRQ_Enable
 219              		.code	16
 220              		.thumb_func
 221              		.type	SCB_SCB_IRQ_Enable, %function
 222              	SCB_SCB_IRQ_Enable:
 223              		@ args = 0, pretend = 0, frame = 0
 224              		@ frame_needed = 0, uses_anonymous_args = 0
 225              		@ link register save eliminated.
 226 0000 8022     		movs	r2, #128
 227 0002 024B     		ldr	r3, .L24
 228 0004 D200     		lsls	r2, r2, #3
ARM GAS  C:\Users\DMA\AppData\Local\Temp\ccAOllPW.s 			page 5


 229 0006 1A60     		str	r2, [r3]
 230              		@ sp needed
 231 0008 7047     		bx	lr
 232              	.L25:
 233 000a C046     		.align	2
 234              	.L24:
 235 000c 00E100E0 		.word	-536813312
 236              		.size	SCB_SCB_IRQ_Enable, .-SCB_SCB_IRQ_Enable
 237              		.section	.text.SCB_SCB_IRQ_GetState,"ax",%progbits
 238              		.align	2
 239              		.global	SCB_SCB_IRQ_GetState
 240              		.code	16
 241              		.thumb_func
 242              		.type	SCB_SCB_IRQ_GetState, %function
 243              	SCB_SCB_IRQ_GetState:
 244              		@ args = 0, pretend = 0, frame = 0
 245              		@ frame_needed = 0, uses_anonymous_args = 0
 246              		@ link register save eliminated.
 247 0000 024B     		ldr	r3, .L27
 248              		@ sp needed
 249 0002 1868     		ldr	r0, [r3]
 250 0004 4005     		lsls	r0, r0, #21
 251 0006 C00F     		lsrs	r0, r0, #31
 252 0008 7047     		bx	lr
 253              	.L28:
 254 000a C046     		.align	2
 255              	.L27:
 256 000c 00E100E0 		.word	-536813312
 257              		.size	SCB_SCB_IRQ_GetState, .-SCB_SCB_IRQ_GetState
 258              		.section	.text.SCB_SCB_IRQ_Disable,"ax",%progbits
 259              		.align	2
 260              		.global	SCB_SCB_IRQ_Disable
 261              		.code	16
 262              		.thumb_func
 263              		.type	SCB_SCB_IRQ_Disable, %function
 264              	SCB_SCB_IRQ_Disable:
 265              		@ args = 0, pretend = 0, frame = 0
 266              		@ frame_needed = 0, uses_anonymous_args = 0
 267              		@ link register save eliminated.
 268 0000 8022     		movs	r2, #128
 269 0002 024B     		ldr	r3, .L30
 270 0004 D200     		lsls	r2, r2, #3
 271 0006 1A60     		str	r2, [r3]
 272              		@ sp needed
 273 0008 7047     		bx	lr
 274              	.L31:
 275 000a C046     		.align	2
 276              	.L30:
 277 000c 80E100E0 		.word	-536813184
 278              		.size	SCB_SCB_IRQ_Disable, .-SCB_SCB_IRQ_Disable
 279              		.section	.text.SCB_SCB_IRQ_SetPending,"ax",%progbits
 280              		.align	2
 281              		.global	SCB_SCB_IRQ_SetPending
 282              		.code	16
 283              		.thumb_func
 284              		.type	SCB_SCB_IRQ_SetPending, %function
 285              	SCB_SCB_IRQ_SetPending:
ARM GAS  C:\Users\DMA\AppData\Local\Temp\ccAOllPW.s 			page 6


 286              		@ args = 0, pretend = 0, frame = 0
 287              		@ frame_needed = 0, uses_anonymous_args = 0
 288              		@ link register save eliminated.
 289 0000 8022     		movs	r2, #128
 290 0002 024B     		ldr	r3, .L33
 291 0004 D200     		lsls	r2, r2, #3
 292 0006 1A60     		str	r2, [r3]
 293              		@ sp needed
 294 0008 7047     		bx	lr
 295              	.L34:
 296 000a C046     		.align	2
 297              	.L33:
 298 000c 00E200E0 		.word	-536813056
 299              		.size	SCB_SCB_IRQ_SetPending, .-SCB_SCB_IRQ_SetPending
 300              		.section	.text.SCB_SCB_IRQ_ClearPending,"ax",%progbits
 301              		.align	2
 302              		.global	SCB_SCB_IRQ_ClearPending
 303              		.code	16
 304              		.thumb_func
 305              		.type	SCB_SCB_IRQ_ClearPending, %function
 306              	SCB_SCB_IRQ_ClearPending:
 307              		@ args = 0, pretend = 0, frame = 0
 308              		@ frame_needed = 0, uses_anonymous_args = 0
 309              		@ link register save eliminated.
 310 0000 8022     		movs	r2, #128
 311 0002 024B     		ldr	r3, .L36
 312 0004 D200     		lsls	r2, r2, #3
 313 0006 1A60     		str	r2, [r3]
 314              		@ sp needed
 315 0008 7047     		bx	lr
 316              	.L37:
 317 000a C046     		.align	2
 318              	.L36:
 319 000c 80E200E0 		.word	-536812928
 320              		.size	SCB_SCB_IRQ_ClearPending, .-SCB_SCB_IRQ_ClearPending
 321              		.ident	"GCC: (GNU Tools for ARM Embedded Processors) 5.4.1 20160609 (release) [ARM/embedded-5-bran
