ARM GAS  C:\Users\DMA\AppData\Local\Temp\ccKuUt8H.s 			page 1


   1              		.syntax unified
   2              		.cpu cortex-m0
   3              		.fpu softvfp
   4              		.eabi_attribute 20, 1
   5              		.eabi_attribute 21, 1
   6              		.eabi_attribute 23, 3
   7              		.eabi_attribute 24, 1
   8              		.eabi_attribute 25, 1
   9              		.eabi_attribute 26, 1
  10              		.eabi_attribute 30, 2
  11              		.eabi_attribute 34, 0
  12              		.eabi_attribute 18, 4
  13              		.thumb
  14              		.syntax unified
  15              		.file	"UART_DEB_SPI_UART.c"
  16              		.section	.text.UART_DEB_SpiUartReadRxData,"ax",%progbits
  17              		.align	2
  18              		.global	UART_DEB_SpiUartReadRxData
  19              		.code	16
  20              		.thumb_func
  21              		.type	UART_DEB_SpiUartReadRxData, %function
  22              	UART_DEB_SpiUartReadRxData:
  23              		@ args = 0, pretend = 0, frame = 0
  24              		@ frame_needed = 0, uses_anonymous_args = 0
  25              		@ link register save eliminated.
  26 0000 014B     		ldr	r3, .L2
  27              		@ sp needed
  28 0002 1868     		ldr	r0, [r3]
  29 0004 7047     		bx	lr
  30              	.L3:
  31 0006 C046     		.align	2
  32              	.L2:
  33 0008 40032440 		.word	1076101952
  34              		.size	UART_DEB_SpiUartReadRxData, .-UART_DEB_SpiUartReadRxData
  35              		.section	.text.UART_DEB_SpiUartGetRxBufferSize,"ax",%progbits
  36              		.align	2
  37              		.global	UART_DEB_SpiUartGetRxBufferSize
  38              		.code	16
  39              		.thumb_func
  40              		.type	UART_DEB_SpiUartGetRxBufferSize, %function
  41              	UART_DEB_SpiUartGetRxBufferSize:
  42              		@ args = 0, pretend = 0, frame = 0
  43              		@ frame_needed = 0, uses_anonymous_args = 0
  44              		@ link register save eliminated.
  45 0000 1F20     		movs	r0, #31
  46 0002 024B     		ldr	r3, .L5
  47              		@ sp needed
  48 0004 1B68     		ldr	r3, [r3]
  49 0006 1840     		ands	r0, r3
  50 0008 7047     		bx	lr
  51              	.L6:
  52 000a C046     		.align	2
  53              	.L5:
  54 000c 08032440 		.word	1076101896
  55              		.size	UART_DEB_SpiUartGetRxBufferSize, .-UART_DEB_SpiUartGetRxBufferSize
  56              		.section	.text.UART_DEB_SpiUartClearRxBuffer,"ax",%progbits
  57              		.align	2
ARM GAS  C:\Users\DMA\AppData\Local\Temp\ccKuUt8H.s 			page 2


  58              		.global	UART_DEB_SpiUartClearRxBuffer
  59              		.code	16
  60              		.thumb_func
  61              		.type	UART_DEB_SpiUartClearRxBuffer, %function
  62              	UART_DEB_SpiUartClearRxBuffer:
  63              		@ args = 0, pretend = 0, frame = 0
  64              		@ frame_needed = 0, uses_anonymous_args = 0
  65              		@ link register save eliminated.
  66 0000 8021     		movs	r1, #128
  67 0002 054B     		ldr	r3, .L8
  68 0004 4902     		lsls	r1, r1, #9
  69 0006 1A68     		ldr	r2, [r3]
  70              		@ sp needed
  71 0008 0A43     		orrs	r2, r1
  72 000a 1A60     		str	r2, [r3]
  73 000c 1968     		ldr	r1, [r3]
  74 000e 034A     		ldr	r2, .L8+4
  75 0010 0A40     		ands	r2, r1
  76 0012 1A60     		str	r2, [r3]
  77 0014 7047     		bx	lr
  78              	.L9:
  79 0016 C046     		.align	2
  80              	.L8:
  81 0018 04032440 		.word	1076101892
  82 001c FFFFFEFF 		.word	-65537
  83              		.size	UART_DEB_SpiUartClearRxBuffer, .-UART_DEB_SpiUartClearRxBuffer
  84              		.section	.text.UART_DEB_SpiUartWriteTxData,"ax",%progbits
  85              		.align	2
  86              		.global	UART_DEB_SpiUartWriteTxData
  87              		.code	16
  88              		.thumb_func
  89              		.type	UART_DEB_SpiUartWriteTxData, %function
  90              	UART_DEB_SpiUartWriteTxData:
  91              		@ args = 0, pretend = 0, frame = 0
  92              		@ frame_needed = 0, uses_anonymous_args = 0
  93              		@ link register save eliminated.
  94 0000 1F22     		movs	r2, #31
  95 0002 0449     		ldr	r1, .L15
  96              	.L11:
  97 0004 0B68     		ldr	r3, [r1]
  98 0006 1340     		ands	r3, r2
  99 0008 082B     		cmp	r3, #8
 100 000a FBD0     		beq	.L11
 101 000c 024B     		ldr	r3, .L15+4
 102              		@ sp needed
 103 000e 1860     		str	r0, [r3]
 104 0010 7047     		bx	lr
 105              	.L16:
 106 0012 C046     		.align	2
 107              	.L15:
 108 0014 08022440 		.word	1076101640
 109 0018 40022440 		.word	1076101696
 110              		.size	UART_DEB_SpiUartWriteTxData, .-UART_DEB_SpiUartWriteTxData
 111              		.section	.text.UART_DEB_SpiUartPutArray,"ax",%progbits
 112              		.align	2
 113              		.global	UART_DEB_SpiUartPutArray
 114              		.code	16
ARM GAS  C:\Users\DMA\AppData\Local\Temp\ccKuUt8H.s 			page 3


 115              		.thumb_func
 116              		.type	UART_DEB_SpiUartPutArray, %function
 117              	UART_DEB_SpiUartPutArray:
 118              		@ args = 0, pretend = 0, frame = 0
 119              		@ frame_needed = 0, uses_anonymous_args = 0
 120 0000 70B5     		push	{r4, r5, r6, lr}
 121 0002 4618     		adds	r6, r0, r1
 122 0004 0029     		cmp	r1, #0
 123 0006 0BD0     		beq	.L17
 124 0008 1F22     		movs	r2, #31
 125 000a 0649     		ldr	r1, .L26
 126 000c 064D     		ldr	r5, .L26+4
 127              	.L23:
 128 000e 0478     		ldrb	r4, [r0]
 129              	.L19:
 130 0010 0B68     		ldr	r3, [r1]
 131 0012 1340     		ands	r3, r2
 132 0014 082B     		cmp	r3, #8
 133 0016 FBD0     		beq	.L19
 134 0018 0130     		adds	r0, r0, #1
 135 001a 2C60     		str	r4, [r5]
 136 001c B042     		cmp	r0, r6
 137 001e F6D1     		bne	.L23
 138              	.L17:
 139              		@ sp needed
 140 0020 70BD     		pop	{r4, r5, r6, pc}
 141              	.L27:
 142 0022 C046     		.align	2
 143              	.L26:
 144 0024 08022440 		.word	1076101640
 145 0028 40022440 		.word	1076101696
 146              		.size	UART_DEB_SpiUartPutArray, .-UART_DEB_SpiUartPutArray
 147              		.section	.text.UART_DEB_SpiUartGetTxBufferSize,"ax",%progbits
 148              		.align	2
 149              		.global	UART_DEB_SpiUartGetTxBufferSize
 150              		.code	16
 151              		.thumb_func
 152              		.type	UART_DEB_SpiUartGetTxBufferSize, %function
 153              	UART_DEB_SpiUartGetTxBufferSize:
 154              		@ args = 0, pretend = 0, frame = 0
 155              		@ frame_needed = 0, uses_anonymous_args = 0
 156              		@ link register save eliminated.
 157 0000 1F20     		movs	r0, #31
 158 0002 024B     		ldr	r3, .L29
 159              		@ sp needed
 160 0004 1B68     		ldr	r3, [r3]
 161 0006 1840     		ands	r0, r3
 162 0008 7047     		bx	lr
 163              	.L30:
 164 000a C046     		.align	2
 165              	.L29:
 166 000c 08022440 		.word	1076101640
 167              		.size	UART_DEB_SpiUartGetTxBufferSize, .-UART_DEB_SpiUartGetTxBufferSize
 168              		.section	.text.UART_DEB_SpiUartClearTxBuffer,"ax",%progbits
 169              		.align	2
 170              		.global	UART_DEB_SpiUartClearTxBuffer
 171              		.code	16
ARM GAS  C:\Users\DMA\AppData\Local\Temp\ccKuUt8H.s 			page 4


 172              		.thumb_func
 173              		.type	UART_DEB_SpiUartClearTxBuffer, %function
 174              	UART_DEB_SpiUartClearTxBuffer:
 175              		@ args = 0, pretend = 0, frame = 0
 176              		@ frame_needed = 0, uses_anonymous_args = 0
 177              		@ link register save eliminated.
 178 0000 8021     		movs	r1, #128
 179 0002 054B     		ldr	r3, .L32
 180 0004 4902     		lsls	r1, r1, #9
 181 0006 1A68     		ldr	r2, [r3]
 182              		@ sp needed
 183 0008 0A43     		orrs	r2, r1
 184 000a 1A60     		str	r2, [r3]
 185 000c 1968     		ldr	r1, [r3]
 186 000e 034A     		ldr	r2, .L32+4
 187 0010 0A40     		ands	r2, r1
 188 0012 1A60     		str	r2, [r3]
 189 0014 7047     		bx	lr
 190              	.L33:
 191 0016 C046     		.align	2
 192              	.L32:
 193 0018 04022440 		.word	1076101636
 194 001c FFFFFEFF 		.word	-65537
 195              		.size	UART_DEB_SpiUartClearTxBuffer, .-UART_DEB_SpiUartClearTxBuffer
 196              		.section	.text.UART_DEB_SpiUartDisableIntRx,"ax",%progbits
 197              		.align	2
 198              		.global	UART_DEB_SpiUartDisableIntRx
 199              		.code	16
 200              		.thumb_func
 201              		.type	UART_DEB_SpiUartDisableIntRx, %function
 202              	UART_DEB_SpiUartDisableIntRx:
 203              		@ args = 0, pretend = 0, frame = 0
 204              		@ frame_needed = 0, uses_anonymous_args = 0
 205              		@ link register save eliminated.
 206 0000 0022     		movs	r2, #0
 207 0002 024B     		ldr	r3, .L35
 208              		@ sp needed
 209 0004 1868     		ldr	r0, [r3]
 210 0006 1A60     		str	r2, [r3]
 211 0008 7047     		bx	lr
 212              	.L36:
 213 000a C046     		.align	2
 214              	.L35:
 215 000c C80F2440 		.word	1076105160
 216              		.size	UART_DEB_SpiUartDisableIntRx, .-UART_DEB_SpiUartDisableIntRx
 217              		.section	.text.UART_DEB_SpiUartDisableIntTx,"ax",%progbits
 218              		.align	2
 219              		.global	UART_DEB_SpiUartDisableIntTx
 220              		.code	16
 221              		.thumb_func
 222              		.type	UART_DEB_SpiUartDisableIntTx, %function
 223              	UART_DEB_SpiUartDisableIntTx:
 224              		@ args = 0, pretend = 0, frame = 0
 225              		@ frame_needed = 0, uses_anonymous_args = 0
 226              		@ link register save eliminated.
 227 0000 0022     		movs	r2, #0
 228 0002 024B     		ldr	r3, .L38
ARM GAS  C:\Users\DMA\AppData\Local\Temp\ccKuUt8H.s 			page 5


 229              		@ sp needed
 230 0004 1868     		ldr	r0, [r3]
 231 0006 1A60     		str	r2, [r3]
 232 0008 7047     		bx	lr
 233              	.L39:
 234 000a C046     		.align	2
 235              	.L38:
 236 000c 880F2440 		.word	1076105096
 237              		.size	UART_DEB_SpiUartDisableIntTx, .-UART_DEB_SpiUartDisableIntTx
 238              		.ident	"GCC: (GNU Tools for ARM Embedded Processors) 5.4.1 20160609 (release) [ARM/embedded-5-bran
